Component: Arm Compiler for Embedded 6.18 Tool: armlink [5e4cc100]

==============================================================================

Section Cross References

    startup_stm32f405xx.o(STACK) refers (Special) to heapauxi.o(.text) for __use_two_region_memory
    startup_stm32f405xx.o(HEAP) refers (Special) to heapauxi.o(.text) for __use_two_region_memory
    startup_stm32f405xx.o(RESET) refers (Special) to heapauxi.o(.text) for __use_two_region_memory
    startup_stm32f405xx.o(RESET) refers to startup_stm32f405xx.o(STACK) for __initial_sp
    startup_stm32f405xx.o(RESET) refers to startup_stm32f405xx.o(.text) for Reset_Handler
    startup_stm32f405xx.o(RESET) refers to stm32f4xx_it.o(.text.NMI_Handler) for NMI_Handler
    startup_stm32f405xx.o(RESET) refers to stm32f4xx_it.o(.text.HardFault_Handler) for HardFault_Handler
    startup_stm32f405xx.o(RESET) refers to stm32f4xx_it.o(.text.MemManage_Handler) for MemManage_Handler
    startup_stm32f405xx.o(RESET) refers to stm32f4xx_it.o(.text.BusFault_Handler) for BusFault_Handler
    startup_stm32f405xx.o(RESET) refers to stm32f4xx_it.o(.text.UsageFault_Handler) for UsageFault_Handler
    startup_stm32f405xx.o(RESET) refers to port.o(.text.SVC_Handler) for SVC_Handler
    startup_stm32f405xx.o(RESET) refers to stm32f4xx_it.o(.text.DebugMon_Handler) for DebugMon_Handler
    startup_stm32f405xx.o(RESET) refers to port.o(.text.PendSV_Handler) for PendSV_Handler
    startup_stm32f405xx.o(RESET) refers to cmsis_os2.o(.text.SysTick_Handler) for SysTick_Handler
    startup_stm32f405xx.o(RESET) refers to stm32f4xx_it.o(.text.DMA1_Stream5_IRQHandler) for DMA1_Stream5_IRQHandler
    startup_stm32f405xx.o(RESET) refers to stm32f4xx_it.o(.text.DMA1_Stream6_IRQHandler) for DMA1_Stream6_IRQHandler
    startup_stm32f405xx.o(RESET) refers to stm32f4xx_it.o(.text.CAN1_RX0_IRQHandler) for CAN1_RX0_IRQHandler
    startup_stm32f405xx.o(RESET) refers to stm32f4xx_it.o(.text.CAN1_RX1_IRQHandler) for CAN1_RX1_IRQHandler
    startup_stm32f405xx.o(RESET) refers to stm32f4xx_it.o(.text.TIM1_UP_TIM10_IRQHandler) for TIM1_UP_TIM10_IRQHandler
    startup_stm32f405xx.o(RESET) refers to stm32f4xx_it.o(.text.TIM2_IRQHandler) for TIM2_IRQHandler
    startup_stm32f405xx.o(RESET) refers to stm32f4xx_it.o(.text.TIM3_IRQHandler) for TIM3_IRQHandler
    startup_stm32f405xx.o(RESET) refers to stm32f4xx_it.o(.text.USART1_IRQHandler) for USART1_IRQHandler
    startup_stm32f405xx.o(RESET) refers to stm32f4xx_it.o(.text.USART2_IRQHandler) for USART2_IRQHandler
    startup_stm32f405xx.o(RESET) refers to stm32f4xx_it.o(.text.DMA2_Stream2_IRQHandler) for DMA2_Stream2_IRQHandler
    startup_stm32f405xx.o(RESET) refers to stm32f4xx_it.o(.text.CAN2_RX0_IRQHandler) for CAN2_RX0_IRQHandler
    startup_stm32f405xx.o(RESET) refers to stm32f4xx_it.o(.text.CAN2_RX1_IRQHandler) for CAN2_RX1_IRQHandler
    startup_stm32f405xx.o(RESET) refers to stm32f4xx_it.o(.text.DMA2_Stream7_IRQHandler) for DMA2_Stream7_IRQHandler
    startup_stm32f405xx.o(.text) refers (Special) to heapauxi.o(.text) for __use_two_region_memory
    startup_stm32f405xx.o(.text) refers to system_stm32f4xx.o(.text.SystemInit) for SystemInit
    startup_stm32f405xx.o(.text) refers to __main.o(!!!main) for __main
    startup_stm32f405xx.o(.text) refers to startup_stm32f405xx.o(HEAP) for Heap_Mem
    startup_stm32f405xx.o(.text) refers to startup_stm32f405xx.o(STACK) for Stack_Mem
    main.o(.text.main) refers to stm32f4xx_hal.o(.text.HAL_Init) for HAL_Init
    main.o(.text.main) refers to main.o(.text.SystemClock_Config) for SystemClock_Config
    main.o(.text.main) refers to gpio.o(.text.MX_GPIO_Init) for MX_GPIO_Init
    main.o(.text.main) refers to dma.o(.text.MX_DMA_Init) for MX_DMA_Init
    main.o(.text.main) refers to tim.o(.text.MX_TIM2_Init) for MX_TIM2_Init
    main.o(.text.main) refers to tim.o(.text.MX_TIM3_Init) for MX_TIM3_Init
    main.o(.text.main) refers to can.o(.text.MX_CAN1_Init) for MX_CAN1_Init
    main.o(.text.main) refers to can.o(.text.MX_CAN2_Init) for MX_CAN2_Init
    main.o(.text.main) refers to beep.o(.text.Beep_Init) for Beep_Init
    main.o(.text.main) refers to canqueue.o(.text.CAN_InitSendQueue) for CAN_InitSendQueue
    main.o(.text.main) refers to solenoid.o(.text.solenoid_init) for solenoid_init
    main.o(.text.main) refers to djmotor.o(.text.DJmotor_Init) for DJmotor_Init
    main.o(.text.main) refers to zdrive.o(.text.ZdriveInit) for ZdriveInit
    main.o(.text.main) refers to djmotor.o(.bss.DJmotor) for DJmotor
    main.o(.text.main) refers to zdrive.o(.bss.Zmotor) for Zmotor
    main.o(.text.main) refers to blockarm.o(.text.BlockArm_Init) for BlockArm_Init
    main.o(.text.main) refers to blockvacuum.o(.text.BlockVacuum_Init) for BlockVacuum_Init
    main.o(.text.main) refers to pickblocktask.o(.text.PickBlockTask_Init) for PickBlockTask_Init
    main.o(.text.main) refers to placeblocktask.o(.text.PlaceBlockTask_Init) for PlaceBlockTask_Init
[...]
    Master_message_handler                   0x08005f5d   Thumb Code   694  can_irqhandler.o(.text.Master_message_handler)
    MemManage_Handler                        0x08006215   Thumb Code     4  stm32f4xx_it.o(.text.MemManage_Handler)
    N2DEG                                    0x08006219   Thumb Code    28  mathfunc.o(.text.N2DEG)
    NMI_Handler                              0x08006235   Thumb Code     4  stm32f4xx_it.o(.text.NMI_Handler)
    PID_Calculate                            0x080062a5   Thumb Code   278  pid.o(.text.PID_Calculate)
    PID_Init                                 0x080063bd   Thumb Code    68  pid.o(.text.PID_Init)
    PID_Reset                                0x08006401   Thumb Code    34  pid.o(.text.PID_Reset)
    PendSV_Handler                           0x08006431   Thumb Code   100  port.o(.text.PendSV_Handler)
    PickBlockTask_ConfirmGrab                0x0800650d   Thumb Code    44  pickblocktask.o(.text.PickBlockTask_ConfirmGrab)
    PickBlockTask_GetState                   0x08006539   Thumb Code    12  pickblocktask.o(.text.PickBlockTask_GetState)
    PickBlockTask_Init                       0x08006545   Thumb Code    24  pickblocktask.o(.text.PickBlockTask_Init)
    PickBlockTask_Process                    0x0800655d   Thumb Code   276  pickblocktask.o(.text.PickBlockTask_Process)
    PickBlockTask_Reset                      0x08006671   Thumb Code    26  pickblocktask.o(.text.PickBlockTask_Reset)
    PickBlockTask_StartHighPick              0x0800668d   Thumb Code    58  pickblocktask.o(.text.PickBlockTask_StartHighPick)
    PickBlockTask_StartLowPick               0x080066c9   Thumb Code    58  pickblocktask.o(.text.PickBlockTask_StartLowPick)
    PickBlockTask_StartSecondPick            0x08006705   Thumb Code    58  pickblocktask.o(.text.PickBlockTask_StartSecondPick)
    PickBlockTask_Stop                       0x08006741   Thumb Code    86  pickblocktask.o(.text.PickBlockTask_Stop)
    PlaceBlockTask_ConfirmRelease            0x08006811   Thumb Code    24  placeblocktask.o(.text.PlaceBlockTask_ConfirmRelease)
    PlaceBlockTask_GetState                  0x08006829   Thumb Code    12  placeblocktask.o(.text.PlaceBlockTask_GetState)
    PlaceBlockTask_Init                      0x08006835   Thumb Code    14  placeblocktask.o(.text.PlaceBlockTask_Init)
    PlaceBlockTask_Process                   0x08006845   Thumb Code   236  placeblocktask.o(.text.PlaceBlockTask_Process)
    PlaceBlockTask_Reset                     0x08006931   Thumb Code    14  placeblocktask.o(.text.PlaceBlockTask_Reset)
    PlaceBlockTask_StartBottom               0x08006941   Thumb Code    50  placeblocktask.o(.text.PlaceBlockTask_StartBottom)
    PlaceBlockTask_StartLevel1               0x08006975   Thumb Code    50  placeblocktask.o(.text.PlaceBlockTask_StartLevel1)
    PlaceBlockTask_StartLevel2               0x080069a9   Thumb Code    50  placeblocktask.o(.text.PlaceBlockTask_StartLevel2)
    PlaceBlockTask_Stop                      0x080069dd   Thumb Code    86  placeblocktask.o(.text.PlaceBlockTask_Stop)
    SVC_Handler                              0x08006a41   Thumb Code    36  port.o(.text.SVC_Handler)
    SysTick_Handler                          0x08006a75   Thumb Code    30  cmsis_os2.o(.text.SysTick_Handler)
    SystemClock_Config                       0x08006a95   Thumb Code   190  main.o(.text.SystemClock_Config)
    SystemInit                               0x08006b55   Thumb Code    18  system_stm32f4xx.o(.text.SystemInit)
    TIM1_UP_TIM10_IRQHandler                 0x08006b69   Thumb Code    16  stm32f4xx_it.o(.text.TIM1_UP_TIM10_IRQHandler)
    TIM2_IRQHandler                          0x08006b79   Thumb Code    16  stm32f4xx_it.o(.text.TIM2_IRQHandler)
    TIM3_IRQHandler                          0x08006b89   Thumb Code    16  stm32f4xx_it.o(.text.TIM3_IRQHandler)
    TIM_Base_SetConfig                       0x08006b99   Thumb Code   420  stm32f4xx_hal_tim.o(.text.TIM_Base_SetConfig)
    TIM_ETR_SetConfig                        0x08006d3d   Thumb Code    52  stm32f4xx_hal_tim.o(.text.TIM_ETR_SetConfig)
    TIM_PeriodElapsedCallback                0x08006d9d   Thumb Code   138  tim_irqhandler.o(.text.TIM_PeriodElapsedCallback)
    UART_Start_Receive_DMA                   0x080072e9   Thumb Code   304  stm32f4xx_hal_uart.o(.text.UART_Start_Receive_DMA)
    USART1_IRQHandler                        0x080074ad   Thumb Code    16  stm32f4xx_it.o(.text.USART1_IRQHandler)
    USART2_IRQHandler                        0x080074bd   Thumb Code    16  stm32f4xx_it.o(.text.USART2_IRQHandler)
    UsageFault_Handler                       0x080074cd   Thumb Code     4  stm32f4xx_it.o(.text.UsageFault_Handler)
    ZdriveAsk                                0x080074d1   Thumb Code    58  zdrive.o(.text.ZdriveAsk)
    ZdriveDequeue                            0x0800750d   Thumb Code    78  zdrive.o(.text.ZdriveDequeue)
    ZdriveFunc                               0x08007635   Thumb Code   278  zdrive.o(.text.ZdriveFunc)
    ZdriveInit                               0x0800774d   Thumb Code   346  zdrive.o(.text.ZdriveInit)
    ZdriveReceive                            0x080078a9   Thumb Code   984  zdrive.o(.text.ZdriveReceive)
    ZdriveSet                                0x08007c81   Thumb Code   232  zdrive.o(.text.ZdriveSet)
    Zdrive_DDisable                          0x08007d69   Thumb Code    40  zdrive.o(.text.Zdrive_DDisable)
    Zdrive_IsOurs                            0x08007e01   Thumb Code    82  zdrive.o(.text.Zdrive_IsOurs)
    Zdrive_IsZeroDone                        0x08007e55   Thumb Code    42  zdrive.o(.text.Zdrive_IsZeroDone)
    Zdrive_SetPositionTarget                 0x08008041   Thumb Code    54  zdrive.o(.text.Zdrive_SetPositionTarget)
    Zdrive_SetZeromode                       0x08008079   Thumb Code    84  zdrive.o(.text.Zdrive_SetZeromode)
    is_busy                                  0x0800827d   Thumb Code    56  blockarm.o(.text.is_busy)
    is_disabled                              0x080082b5   Thumb Code    18  blockarm.o(.text.is_disabled)
    main                                     0x080082c9   Thumb Code   112  main.o(.text.main)
    osDelay                                  0x08008339   Thumb Code    52  cmsis_os2.o(.text.osDelay)
    osDelayUntil                             0x0800836d   Thumb Code    88  cmsis_os2.o(.text.osDelayUntil)
    osKernelGetTickCount                     0x080083c5   Thumb Code    38  cmsis_os2.o(.text.osKernelGetTickCount)
    osKernelInitialize                       0x080083ed   Thumb Code    70  cmsis_os2.o(.text.osKernelInitialize)
    osKernelStart                            0x08008435   Thumb Code    82  cmsis_os2.o(.text.osKernelStart)
    osThreadNew                              0x08008489   Thumb Code   346  cmsis_os2.o(.text.osThreadNew)
    pvPortMalloc                             0x08009489   Thumb Code   492  heap_4.o(.text.pvPortMalloc)
    pxPortInitialiseStack                    0x08009675   Thumb Code    94  port.o(.text.pxPortInitialiseStack)
    register_updata                          0x080096d5   Thumb Code   158  solenoid.o(.text.register_updata)
    send_busy_message                        0x08009775   Thumb Code    96  can_irqhandler.o(.text.send_busy_message)
    send_disable_message                     0x080097d5   Thumb Code    96  can_irqhandler.o(.text.send_disable_message)
    send_finish_message                      0x08009835   Thumb Code    98  can_irqhandler.o(.text.send_finish_message)
    send_receive_message                     0x08009899   Thumb Code    96  can_irqhandler.o(.text.send_receive_message)
    solenoid_channel_init                    0x080098f9   Thumb Code    46  solenoid.o(.text.solenoid_channel_init)
    solenoid_init                            0x08009929   Thumb Code   382  solenoid.o(.text.solenoid_init)
    solenoid_on                              0x08009aa9   Thumb Code   114  solenoid.o(.text.solenoid_on)
    uxListRemove                             0x08009b1d   Thumb Code    72  list.o(.text.uxListRemove)
    vApplicationGetIdleTaskMemory            0x08009b65   Thumb Code    42  cmsis_os2.o(.text.vApplicationGetIdleTaskMemory)
    vApplicationGetTimerTaskMemory           0x08009b91   Thumb Code    44  cmsis_os2.o(.text.vApplicationGetTimerTaskMemory)
    vListInitialise                          0x08009bbd   Thumb Code    46  list.o(.text.vListInitialise)
    vListInitialiseItem                      0x08009bed   Thumb Code    14  list.o(.text.vListInitialiseItem)
    vListInsert                              0x08009bfd   Thumb Code   106  list.o(.text.vListInsert)
    vListInsertEnd                           0x08009c69   Thumb Code    58  list.o(.text.vListInsertEnd)
    vPortEnterCritical                       0x08009cb9   Thumb Code    86  port.o(.text.vPortEnterCritical)
    vPortExitCritical                        0x08009d11   Thumb Code    74  port.o(.text.vPortExitCritical)
    vPortFree                                0x08009d5d   Thumb Code   206  heap_4.o(.text.vPortFree)
    vPortSetupTimerInterrupt                 0x08009e2d   Thumb Code    68  port.o(.text.vPortSetupTimerInterrupt)
    vPortValidateInterruptPriority           0x08009e71   Thumb Code   132  port.o(.text.vPortValidateInterruptPriority)
    vQueueAddToRegistry                      0x08009ef5   Thumb Code    82  queue.o(.text.vQueueAddToRegistry)
    vQueueWaitForMessageRestricted           0x08009f49   Thumb Code   100  queue.o(.text.vQueueWaitForMessageRestricted)
    vTaskDelay                               0x08009fad   Thumb Code   110  tasks.o(.text.vTaskDelay)
    vTaskDelayUntil                          0x0800a01d   Thumb Code   276  tasks.o(.text.vTaskDelayUntil)
    vTaskInternalSetTimeOutState             0x0800a131   Thumb Code    36  tasks.o(.text.vTaskInternalSetTimeOutState)
    vTaskMissedYield                         0x0800a155   Thumb Code    14  tasks.o(.text.vTaskMissedYield)
    vTaskPlaceOnEventList                    0x0800a165   Thumb Code    66  tasks.o(.text.vTaskPlaceOnEventList)
    vTaskPlaceOnEventListRestricted          0x0800a1a9   Thumb Code    82  tasks.o(.text.vTaskPlaceOnEventListRestricted)
    vTaskStartScheduler                      0x0800a1fd   Thumb Code   224  tasks.o(.text.vTaskStartScheduler)
    vTaskSuspendAll                          0x0800a2dd   Thumb Code    16  tasks.o(.text.vTaskSuspendAll)
    vTaskSwitchContext                       0x0800a2ed   Thumb Code   198  tasks.o(.text.vTaskSwitchContext)
    xPortStartScheduler                      0x0800a3b5   Thumb Code   342  port.o(.text.xPortStartScheduler)
    xPortSysTickHandler                      0x0800a50d   Thumb Code    60  port.o(.text.xPortSysTickHandler)
    xQueueGenericCreateStatic                0x0800a549   Thumb Code   270  queue.o(.text.xQueueGenericCreateStatic)
    xQueueGenericReset                       0x0800a659   Thumb Code   186  queue.o(.text.xQueueGenericReset)
    xQueueGenericSend                        0x0800a715   Thumb Code   556  queue.o(.text.xQueueGenericSend)
    xQueueGenericSendFromISR                 0x0800a941   Thumb Code   332  queue.o(.text.xQueueGenericSendFromISR)
    xQueueReceive                            0x0800aa8d   Thumb Code   476  queue.o(.text.xQueueReceive)
    xTaskCheckForTimeOut                     0x0800ac69   Thumb Code   204  tasks.o(.text.xTaskCheckForTimeOut)
    xTaskCreate                              0x0800ad35   Thumb Code   158  tasks.o(.text.xTaskCreate)
    xTaskCreateStatic                        0x0800add5   Thumb Code   206  tasks.o(.text.xTaskCreateStatic)
    xTaskGetSchedulerState                   0x0800aea5   Thumb Code    56  tasks.o(.text.xTaskGetSchedulerState)
    xTaskGetTickCount                        0x0800aedd   Thumb Code    20  tasks.o(.text.xTaskGetTickCount)
    xTaskGetTickCountFromISR                 0x0800aef1   Thumb Code    30  tasks.o(.text.xTaskGetTickCountFromISR)
    xTaskIncrementTick                       0x0800af11   Thumb Code   452  tasks.o(.text.xTaskIncrementTick)
    xTaskPriorityDisinherit                  0x0800b0d5   Thumb Code   236  tasks.o(.text.xTaskPriorityDisinherit)
    xTaskRemoveFromEventList                 0x0800b1c1   Thumb Code   206  tasks.o(.text.xTaskRemoveFromEventList)
    xTaskResumeAll                           0x0800b291   Thumb Code   390  tasks.o(.text.xTaskResumeAll)
    xTimerCreateTimerTask                    0x0800b419   Thumb Code   148  timers.o(.text.xTimerCreateTimerTask)
    xTimerGenericCommand                     0x0800b4ad   Thumb Code   176  timers.o(.text.xTimerGenericCommand)
    __fpl_dcmp_Inf                           0x0800b55d   Thumb Code    24  dcmpi.o(x$fpl$dcmpinf)
    __aeabi_cdcmpeq                          0x0800b575   Thumb Code     0  deqf.o(x$fpl$deqf)
    _dcmpeq                                  0x0800b575   Thumb Code   120  deqf.o(x$fpl$deqf)
    __aeabi_cdcmpge                          0x0800b5ed   Thumb Code     0  dgeqf.o(x$fpl$dgeqf)
    _dcmpge                                  0x0800b5ed   Thumb Code   120  dgeqf.o(x$fpl$dgeqf)
    __aeabi_cdcmple                          0x0800b665   Thumb Code     0  dleqf.o(x$fpl$dleqf)
    _dcmple                                  0x0800b665   Thumb Code   120  dleqf.o(x$fpl$dleqf)
    __fpl_dcmple_InfNaN                      0x0800b6c7   Thumb Code     0  dleqf.o(x$fpl$dleqf)
    __fpl_dnaninf                            0x0800b6dd   Thumb Code   156  dnaninf.o(x$fpl$dnaninf)
    __fpl_dretinf                            0x0800b779   Thumb Code    12  dretinf.o(x$fpl$dretinf)
    __aeabi_f2d                              0x0800b785   Thumb Code     0  f2d.o(x$fpl$f2d)
    _f2d                                     0x0800b785   Thumb Code    86  f2d.o(x$fpl$f2d)
    __aeabi_dcmpeq                           0x0800b7db   Thumb Code     0  dcmp.o(x$fpl$fcmp)
    _deq                                     0x0800b7db   Thumb Code    14  dcmp.o(x$fpl$fcmp)
    _dneq                                    0x0800b7e9   Thumb Code    14  dcmp.o(x$fpl$fcmp)
    __aeabi_dcmpgt                           0x0800b7f7   Thumb Code     0  dcmp.o(x$fpl$fcmp)
    _dgr                                     0x0800b7f7   Thumb Code    14  dcmp.o(x$fpl$fcmp)
    __aeabi_dcmpge                           0x0800b805   Thumb Code     0  dcmp.o(x$fpl$fcmp)
    _dgeq                                    0x0800b805   Thumb Code    14  dcmp.o(x$fpl$fcmp)
    __aeabi_dcmple                           0x0800b813   Thumb Code     0  dcmp.o(x$fpl$fcmp)
    _dleq                                    0x0800b813   Thumb Code    14  dcmp.o(x$fpl$fcmp)
    __aeabi_dcmplt                           0x0800b821   Thumb Code     0  dcmp.o(x$fpl$fcmp)
    _dls                                     0x0800b821   Thumb Code    14  dcmp.o(x$fpl$fcmp)
    __fpl_fnaninf                            0x0800b82f   Thumb Code   140  fnaninf.o(x$fpl$fnaninf)
    _fp_init                                 0x0800b8bb   Thumb Code    26  fpinit.o(x$fpl$fpinit)
    __fplib_config_fpu_vfp                   0x0800b8d3   Thumb Code     0  fpinit.o(x$fpl$fpinit)
    __fplib_config_pureend_doubles           0x0800b8d3   Thumb Code     0  fpinit.o(x$fpl$fpinit)
    AHBPrescTable                            0x0800b8d4   Data          16  system_stm32f4xx.o(.rodata.AHBPrescTable)
    __I$use$fp                               0x0800b8d4   Number         0  usenofp.o(x$fpl$usenofp)
    APBPrescTable                            0x0800b8e4   Data           8  system_stm32f4xx.o(.rodata.APBPrescTable)
    ARM_POSES_RIGHT                          0x0800b8ec   Data          56  arm_poses.o(.rodata.ARM_POSES_RIGHT)
    BeepTask_attributes                      0x0800b924   Data          36  freertos.o(.rodata.BeepTask_attributes)
    BlockArmTask_attributes                  0x0800b948   Data          36  freertos.o(.rodata.BlockArmTask_attributes)
    LedTask_attributes                       0x0800b96c   Data          36  freertos.o(.rodata.LedTask_attributes)
    Region$$Table$$Base                      0x0800b9c4   Number         0  anon$$obj.o(Region$$Table)
    Region$$Table$$Limit                     0x0800b9e4   Number         0  anon$$obj.o(Region$$Table)
    SystemCoreClock                          0x20000000   Data           4  system_stm32f4xx.o(.data.SystemCoreClock)
    uwTickFreq                               0x20000004   Data           1  stm32f4xx_hal.o(.data.uwTickFreq)
    uwTickPrio                               0x20000008   Data           4  stm32f4xx_hal.o(.data.uwTickPrio)
    __libspace_start                         0x20000010   Data          96  libspace.o(.bss)
    __temporary_stack_top$libspace           0x20000070   Data           0  libspace.o(.bss)
    BeepAlarmTimes                           0x20000074   Data           1  myostasks.o(.bss.BeepAlarmTimes)
    BeepTaskHandle                           0x20000078   Data           4  freertos.o(.bss.BeepTaskHandle)
    BlockArmTaskHandle                       0x2000007c   Data           4  freertos.o(.bss.BlockArmTaskHandle)
    CAN1_Txqueue                             0x20000080   Data         296  canqueue.o(.bss.CAN1_Txqueue)
    CAN2_Txqueue                             0x200001a8   Data         296  canqueue.o(.bss.CAN2_Txqueue)
    DJmotor                                  0x200002d0   Data         976  djmotor.o(.bss.DJmotor)
    LedTaskHandle                            0x200006b0   Data           4  freertos.o(.bss.LedTaskHandle)
    PackMsg                                  0x200006b4   Data         263  bluetooth.o(.bss.PackMsg)
    RxMsgPack                                0x200007bc   Data          56  bluetooth.o(.bss.RxMsgPack)
    Zmotor                                   0x200007f8   Data        1032  zdrive.o(.bss.Zmotor)
    block_arm                                0x20000c00   Data          64  blockarm.o(.bss.block_arm)
    block_vacuum                             0x20000c40   Data          12  blockvacuum.o(.bss.block_vacuum)
    flag                                     0x20000c4c   Data           1  myostasks.o(.bss.flag)
    flag1                                    0x20000c4d   Data           1  myostasks.o(.bss.flag1)
    flag2                                    0x20000c4e   Data           1  myostasks.o(.bss.flag2)
    flag3                                    0x20000c4f   Data           1  myostasks.o(.bss.flag3)
    flag4                                    0x20000c50   Data           1  myostasks.o(.bss.flag4)
    flag5                                    0x20000c51   Data           1  myostasks.o(.bss.flag5)
    flag6                                    0x20000c52   Data           1  myostasks.o(.bss.flag6)
    flag7                                    0x20000c53   Data           1  myostasks.o(.bss.flag7)
    grab_count                               0x20000c54   Data           2  pickblocktask.o(.bss.grab_count)
    hcan1                                    0x20000c58   Data          40  can.o(.bss.hcan1)
    hcan2                                    0x20000c80   Data          40  can.o(.bss.hcan2)
    hdma_usart1_rx                           0x20000ca8   Data          96  usart.o(.bss.hdma_usart1_rx)
    hdma_usart1_tx                           0x20000d08   Data          96  usart.o(.bss.hdma_usart1_tx)
    hdma_usart2_rx                           0x20000d68   Data          96  usart.o(.bss.hdma_usart2_rx)
    hdma_usart2_tx                           0x20000dc8   Data          96  usart.o(.bss.hdma_usart2_tx)
    htim1                                    0x20000e28   Data          72  stm32f4xx_hal_timebase_tim.o(.bss.htim1)
    htim2                                    0x20000e70   Data          72  tim.o(.bss.htim2)
    htim3                                    0x20000eb8   Data          72  tim.o(.bss.htim3)
    huart1                                   0x20000f00   Data          72  usart.o(.bss.huart1)
    huart2                                   0x20000f48   Data          72  usart.o(.bss.huart2)
    pick_block_task_state                    0x20000f90   Data           1  pickblocktask.o(.bss.pick_block_task_state)
    place_block_task_state                   0x20000f91   Data           1  placeblocktask.o(.bss.place_block_task_state)
    pxCurrentTCB                             0x20001088   Data           4  tasks.o(.bss.pxCurrentTCB)
    s_click_count                            0x20001501   Data           1  can_irqhandler.o(.bss.s_click_count)
    s_click_signal                           0x20001502   Data           1  can_irqhandler.o(.bss.s_click_signal)
    s_last_click_tick                        0x20001510   Data           4  can_irqhandler.o(.bss.s_last_click_tick)
    solenoid_Channel1                        0x20001514   Data          12  solenoid.o(.bss.solenoid_Channel1)
    solenoid_Channel2                        0x20001520   Data          12  solenoid.o(.bss.solenoid_Channel2)
    solenoid_Channel3                        0x2000152c   Data          12  solenoid.o(.bss.solenoid_Channel3)
    u1_rx_buffer                             0x20001538   Data           1  uart_irqhandler.o(.bss.u1_rx_buffer)
    u2_rx_buffer                             0x20001539   Data           5  uart_irqhandler.o(.bss.u2_rx_buffer)
    uwTick                                   0x20005144   Data           4  stm32f4xx_hal.o(.bss.uwTick)
    xQueueRegistry                           0x2000589c   Data          64  queue.o(.bss.xQueueRegistry)



==============================================================================

Memory Map of the image

  Image Entry point : 0x08000189

  Load Region LR_IROM1 (Base: 0x08000000, Size: 0x0000b9f8, Max: 0x00100000, ABSOLUTE)

    Execution Region ER_IROM1 (Exec base: 0x08000000, Load base: 0x08000000, Size: 0x0000b9e4, Max: 0x00100000, ABSOLUTE)

    Exec Addr    Load Addr    Size         Type   Attr      Idx    E Section Name        Object

    0x08000000   0x08000000   0x00000188   Data   RO            3    RESET               startup_stm32f405xx.o
    0x08000188   0x08000188   0x00000008   Code   RO         2418  * !!!main             c_w.l(__main.o)
    0x08000190   0x08000190   0x00000034   Code   RO         2666    !!!scatter          c_w.l(__scatter.o)
    0x080001c4   0x080001c4   0x0000001a   Code   RO         2668    !!handler_copy      c_w.l(__scatter_copy.o)
    0x080001de   0x080001de   0x00000002   PAD
    0x080001e0   0x080001e0   0x0000001c   Code   RO         2670    !!handler_zi        c_w.l(__scatter_zi.o)
    0x080001fc   0x080001fc   0x00000002   Code   RO         2531    .ARM.Collect$$libinit$$00000000  c_w.l(libinit.o)
    0x080001fe   0x080001fe   0x00000004   Code   RO         2540    .ARM.Collect$$libinit$$00000001  c_w.l(libinit2.o)
    0x08000202   0x08000202   0x00000000   Code   RO         2543    .ARM.Collect$$libinit$$00000004  c_w.l(libinit2.o)
    0x08000202   0x08000202   0x00000000   Code   RO         2545    .ARM.Collect$$libinit$$00000006  c_w.l(libinit2.o)
    0x08000202   0x08000202   0x00000000   Code   RO         2548    .ARM.Collect$$libinit$$0000000C  c_w.l(libinit2.o)
    0x08000202   0x08000202   0x00000000   Code   RO         2550    .ARM.Collect$$libinit$$0000000E  c_w.l(libinit2.o)
    0x08000202   0x08000202   0x00000000   Code   RO         2552    .ARM.Collect$$libinit$$00000010  c_w.l(libinit2.o)
    0x08000202   0x08000202   0x00000000   Code   RO         2555    .ARM.Collect$$libinit$$00000013  c_w.l(libinit2.o)
    0x08000202   0x08000202   0x00000000   Code   RO         2557    .ARM.Collect$$libinit$$00000015  c_w.l(libinit2.o)
    0x08000202   0x08000202   0x00000000   Code   RO         2559    .ARM.Collect$$libinit$$00000017  c_w.l(libinit2.o)
    0x08000202   0x08000202   0x00000000   Code   RO         2561    .ARM.Collect$$libinit$$00000019  c_w.l(libinit2.o)
    0x08000202   0x08000202   0x00000000   Code   RO         2563    .ARM.Collect$$libinit$$0000001B  c_w.l(libinit2.o)
    0x08000202   0x08000202   0x00000000   Code   RO         2565    .ARM.Collect$$libinit$$0000001D  c_w.l(libinit2.o)
    0x08000202   0x08000202   0x00000000   Code   RO         2567    .ARM.Collect$$libinit$$0000001F  c_w.l(libinit2.o)
    0x08000202   0x08000202   0x00000000   Code   RO         2569    .ARM.Collect$$libinit$$00000021  c_w.l(libinit2.o)
    0x08000202   0x08000202   0x00000000   Code   RO         2571    .ARM.Collect$$libinit$$00000023  c_w.l(libinit2.o)
    0x08000202   0x08000202   0x00000000   Code   RO         2573    .ARM.Collect$$libinit$$00000025  c_w.l(libinit2.o)
    0x08000202   0x08000202   0x00000000   Code   RO         2575    .ARM.Collect$$libinit$$00000027  c_w.l(libinit2.o)
    0x08000202   0x08000202   0x00000000   Code   RO         2579    .ARM.Collect$$libinit$$0000002E  c_w.l(libinit2.o)
    0x08000202   0x08000202   0x00000000   Code   RO         2581    .ARM.Collect$$libinit$$00000030  c_w.l(libinit2.o)
    0x08000202   0x08000202   0x00000000   Code   RO         2583    .ARM.Collect$$libinit$$00000032  c_w.l(libinit2.o)
    0x08000202   0x08000202   0x00000000   Code   RO         2585    .ARM.Collect$$libinit$$00000034  c_w.l(libinit2.o)
    0x08000202   0x08000202   0x00000002   Code   RO         2586    .ARM.Collect$$libinit$$00000035  c_w.l(libinit2.o)
    0x08000204   0x08000204   0x00000002   Code   RO         2621    .ARM.Collect$$libshutdown$$00000000  c_w.l(libshutdown.o)
    0x08000206   0x08000206   0x00000000   Code   RO         2649    .ARM.Collect$$libshutdown$$00000002  c_w.l(libshutdown2.o)
    0x08000206   0x08000206   0x00000000   Code   RO         2651    .ARM.Collect$$libshutdown$$00000004  c_w.l(libshutdown2.o)
    0x08000206   0x08000206   0x00000000   Code   RO         2654    .ARM.Collect$$libshutdown$$00000007  c_w.l(libshutdown2.o)
    0x08000206   0x08000206   0x00000000   Code   RO         2657    .ARM.Collect$$libshutdown$$0000000A  c_w.l(libshutdown2.o)
    0x08000206   0x08000206   0x00000000   Code   RO         2659    .ARM.Collect$$libshutdown$$0000000C  c_w.l(libshutdown2.o)
    0x08000206   0x08000206   0x00000000   Code   RO         2662    .ARM.Collect$$libshutdown$$0000000F  c_w.l(libshutdown2.o)
    0x08000206   0x08000206   0x00000002   Code   RO         2663    .ARM.Collect$$libshutdown$$00000010  c_w.l(libshutdown2.o)
    0x08000208   0x08000208   0x00000000   Code   RO         2448    .ARM.Collect$$rtentry$$00000000  c_w.l(__rtentry.o)
    0x08000208   0x08000208   0x00000000   Code   RO         2490    .ARM.Collect$$rtentry$$00000002  c_w.l(__rtentry2.o)
    0x08000208   0x08000208   0x00000006   Code   RO         2502    .ARM.Collect$$rtentry$$00000004  c_w.l(__rtentry4.o)
    0x0800020e   0x0800020e   0x00000000   Code   RO         2492    .ARM.Collect$$rtentry$$00000009  c_w.l(__rtentry2.o)
    0x0800020e   0x0800020e   0x00000004   Code   RO         2493    .ARM.Collect$$rtentry$$0000000A  c_w.l(__rtentry2.o)
    0x08000212   0x08000212   0x00000000   Code   RO         2495    .ARM.Collect$$rtentry$$0000000C  c_w.l(__rtentry2.o)
    0x08000212   0x08000212   0x00000008   Code   RO         2496    .ARM.Collect$$rtentry$$0000000D  c_w.l(__rtentry2.o)
    0x0800021a   0x0800021a   0x00000002   Code   RO         2532    .ARM.Collect$$rtexit$$00000000  c_w.l(rtexit.o)
    0x0800021c   0x0800021c   0x00000000   Code   RO         2592    .ARM.Collect$$rtexit$$00000002  c_w.l(rtexit2.o)
    0x0800021c   0x0800021c   0x00000004   Code   RO         2593    .ARM.Collect$$rtexit$$00000003  c_w.l(rtexit2.o)
    0x08000220   0x08000220   0x00000006   Code   RO         2594    .ARM.Collect$$rtexit$$00000004  c_w.l(rtexit2.o)
    0x08000226   0x08000226   0x00000002   PAD
    0x08000228   0x08000228   0x00000040   Code   RO            4    .text               startup_stm32f405xx.o
    0x08000268   0x08000268   0x000000f0   Code   RO         2404    .text               c_w.l(lludivv7m.o)
    0x08000358   0x08000358   0x0000008a   Code   RO         2406    .text               c_w.l(rt_memcpy_v6.o)
    0x080003e2   0x080003e2   0x00000010   Code   RO         2410    .text               c_w.l(aeabi_memset4.o)
    0x080003f2   0x080003f2   0x0000004e   Code   RO         2414    .text               c_w.l(rt_memclr_w.o)
    0x08000440   0x08000440   0x00000006   Code   RO         2416    .text               c_w.l(heapauxi.o)
    0x08000446   0x08000446   0x00000064   Code   RO         2455    .text               c_w.l(rt_memcpy_w.o)
    0x080004aa   0x080004aa   0x00000002   PAD
    0x080004ac   0x080004ac   0x00000008   Code   RO         2515    .text               c_w.l(libspace.o)
    0x080004b4   0x080004b4   0x0000004a   Code   RO         2518    .text               c_w.l(sys_stackheap_outer.o)
    0x080004fe   0x080004fe   0x00000012   Code   RO         2520    .text               c_w.l(exit.o)
    0x08000510   0x08000510   0x0000000c   Code   RO         2587    .text               c_w.l(sys_exit.o)
    0x0800051c   0x0800051c   0x00000002   Code   RO         2610    .text               c_w.l(use_no_semi.o)
    0x0800051e   0x0800051e   0x00000000   Code   RO         2612    .text               c_w.l(indicate_semi.o)
    0x0800051e   0x0800051e   0x00000002   PAD
    0x08000520   0x08000520   0x00000070   Code   RO         1946    .text.BeepAlarmTask  myostasks.o
    0x08000590   0x08000590   0x0000007a   Code   RO         1854    .text.Beep_Init     beep.o
    0x0800060a   0x0800060a   0x00000002   PAD
    0x0800060c   0x0800060c   0x00000290   Code   RO         1948    .text.BlockArmServiceTask  myostasks.o
    0x0800089c   0x0800089c   0x000000a4   Code   RO         2350    .text.BlockArm_ApplyFineAdjust  blockarm.o
    0x08000940   0x08000940   0x00000038   Code   RO         2330    .text.BlockArm_ApplyPositionTargets  blockarm.o
    0x08000978   0x08000978   0x00000046   Code   RO         2364    .text.BlockArm_Disable  blockarm.o
    0x080009be   0x080009be   0x00000002   PAD
    0x080009c0   0x080009c0   0x00000032   Code   RO         2324    .text.BlockArm_DriversBound  blockarm.o
    0x080009f2   0x080009f2   0x00000002   PAD
    0x080009f4   0x080009f4   0x00000020   Code   RO         2366    .text.BlockArm_Enable  blockarm.o
    0x08000a14   0x08000a14   0x0000000c   Code   RO         2354    .text.BlockArm_GetState  blockarm.o
    0x08000a20   0x08000a20   0x0000005e   Code   RO         2322    .text.BlockArm_Home  blockarm.o
    0x08000a7e   0x08000a7e   0x00000002   PAD
    0x08000a80   0x08000a80   0x00000058   Code   RO         2320    .text.BlockArm_Init  blockarm.o
    0x08000ad8   0x08000ad8   0x00000090   Code   RO         2360    .text.BlockArm_IsReached  blockarm.o
    0x08000b68   0x08000b68   0x0000000a   Code   RO         2336    .text.BlockArm_MoveToHighPickReady  blockarm.o
    0x08000b72   0x08000b72   0x00000002   PAD
    0x08000b74   0x08000b74   0x0000000a   Code   RO         2332    .text.BlockArm_MoveToLowPickReady  blockarm.o
    0x08000b7e   0x08000b7e   0x00000002   PAD
    0x08000b80   0x08000b80   0x0000000a   Code   RO         2340    .text.BlockArm_MoveToPlaceBottomReady  blockarm.o
    0x08000b8a   0x08000b8a   0x00000002   PAD
    0x08000b8c   0x08000b8c   0x0000000a   Code   RO         2342    .text.BlockArm_MoveToPlaceLevel1Ready  blockarm.o
    0x08000b96   0x08000b96   0x00000002   PAD
    0x08000b98   0x08000b98   0x0000000a   Code   RO         2344    .text.BlockArm_MoveToPlaceLevel2Ready  blockarm.o
    0x08000ba2   0x08000ba2   0x00000002   PAD
    0x08000ba4   0x08000ba4   0x0000000a   Code   RO         2346    .text.BlockArm_MoveToSafe  blockarm.o
    0x08000bae   0x08000bae   0x00000002   PAD
    0x08000bb0   0x08000bb0   0x0000000a   Code   RO         2338    .text.BlockArm_MoveToSecondPickReady  blockarm.o
    0x08000bba   0x08000bba   0x00000002   PAD
    0x08000bbc   0x08000bbc   0x00000166   Code   RO         2356    .text.BlockArm_Process  blockarm.o
    0x08000d22   0x08000d22   0x00000002   PAD
    0x08000d24   0x08000d24   0x0000004a   Code   RO         2362    .text.BlockArm_Reset  blockarm.o
    0x08000d6e   0x08000d6e   0x00000002   PAD
    0x08000d70   0x08000d70   0x00000130   Code   RO         2372    .text.BlockArm_SetAutoTarget  blockarm.o
    0x08000ea0   0x08000ea0   0x00000080   Code   RO         2334    .text.BlockArm_StartAutoMove  blockarm.o
    0x08000f20   0x08000f20   0x000000a4   Code   RO         2326    .text.BlockArm_Stop  blockarm.o
    0x08000fc4   0x08000fc4   0x00000030   Code   RO         2328    .text.BlockArm_StopAndHold  blockarm.o
    0x08000ff4   0x08000ff4   0x00000042   Code   RO         2352    .text.BlockArm_StopFineAdjust  blockarm.o
    0x08001036   0x08001036   0x00000002   PAD
    0x08001038   0x08001038   0x00000056   Code   RO         2358    .text.BlockArm_UpdateFeedback  blockarm.o
    0x0800108e   0x0800108e   0x00000002   PAD
    0x08001090   0x08001090   0x0000000c   Code   RO         2389    .text.BlockVacuum_GetState  blockvacuum.o
    0x0800109c   0x0800109c   0x0000003c   Code   RO         2385    .text.BlockVacuum_Grab  blockvacuum.o
    0x080010d8   0x080010d8   0x0000001a   Code   RO         2383    .text.BlockVacuum_Init  blockvacuum.o
    0x080010f2   0x080010f2   0x00000002   PAD
    0x080010f4   0x080010f4   0x00000084   Code   RO         2391    .text.BlockVacuum_Process  blockvacuum.o
    0x08001178   0x08001178   0x0000003c   Code   RO         2387    .text.BlockVacuum_Release  blockvacuum.o
    0x080011b4   0x080011b4   0x00000022   Code   RO         2393    .text.BlockVacuum_Reset  blockvacuum.o
    0x080011d6   0x080011d6   0x00000002   PAD
    0x080011d8   0x080011d8   0x00000004   Code   RO          125    .text.BusFault_Handler  stm32f4xx_it.o
    0x080011dc   0x080011dc   0x00000010   Code   RO          135    .text.CAN1_RX0_IRQHandler  stm32f4xx_it.o
    0x080011ec   0x080011ec   0x00000010   Code   RO          137    .text.CAN1_RX1_IRQHandler  stm32f4xx_it.o
    0x080011fc   0x080011fc   0x00000010   Code   RO          151    .text.CAN2_RX0_IRQHandler  stm32f4xx_it.o
    0x0800120c   0x0800120c   0x00000010   Code   RO          153    .text.CAN2_RX1_IRQHandler  stm32f4xx_it.o
    0x0800121c   0x0800121c   0x000000e4   Code   RO         2128    .text.CAN_DequeueTx  canqueue.o
    0x08001300   0x08001300   0x000000c6   Code   RO         2130    .text.CAN_Enqueue   canqueue.o
    0x080013c6   0x080013c6   0x00000002   PAD
    0x080013c8   0x080013c8   0x00000050   Code   RO         2122    .text.CAN_InitSendQueue  canqueue.o
    0x08001418   0x08001418   0x00000016   Code   RO         2124    .text.CAN_Queue_IfEmpty  canqueue.o
    0x0800142e   0x0800142e   0x00000002   PAD
    0x08001430   0x08001430   0x0000002e   Code   RO         2126    .text.CAN_Queue_IfFull  canqueue.o
    0x0800145e   0x0800145e   0x00000002   PAD
    0x08001460   0x08001460   0x00000022   Code   RO         1985    .text.ChangeDataByte  mathfunc.o
    0x08001482   0x08001482   0x00000002   PAD
    0x08001484   0x08001484   0x00000050   Code   RO         2175    .text.Clamp         djmotor.o
    0x080014d4   0x080014d4   0x00000058   Code   RO         2171    .text.ClampPeak     djmotor.o
    0x0800152c   0x0800152c   0x000000f0   Code   RO         1950    .text.Comm_CheckFinish  myostasks.o
    0x0800161c   0x0800161c   0x0000013a   Code   RO         1921    .text.Comm_ClickProcess  can_irqhandler.o
    0x08001756   0x08001756   0x00000002   PAD
    0x08001758   0x08001758   0x00000052   Code   RO         1909    .text.Comm_Dequeue  can_irqhandler.o
    0x080017aa   0x080017aa   0x00000002   PAD
    0x080017ac   0x080017ac   0x00000056   Code   RO         1907    .text.Comm_Enqueue  can_irqhandler.o
    0x08001802   0x08001802   0x00000002   PAD
    0x08001804   0x08001804   0x00000080   Code   RO         1925    .text.Comm_RecordClick  can_irqhandler.o
    0x08001884   0x08001884   0x00000026   Code   RO         1919    .text.Comm_SendFinish  can_irqhandler.o
    0x080018aa   0x080018aa   0x00000002   PAD
    0x080018ac   0x080018ac   0x0000001c   Code   RO         2210    .text.DEG2N         zdrive.o
    0x080018c8   0x080018c8   0x0000011c   Code   RO         2157    .text.DJmotor_AngleCalculate  djmotor.o
    0x080019e4   0x080019e4   0x000000ae   Code   RO         2165    .text.DJmotor_CurrentTransmit  djmotor.o
    0x08001a92   0x08001a92   0x00000002   PAD
    0x08001a94   0x08001a94   0x00000024   Code   RO         2191    .text.DJmotor_Disable  djmotor.o
    0x08001ab8   0x08001ab8   0x00000138   Code   RO         2179    .text.DJmotor_Func  djmotor.o
    0x08001bf0   0x08001bf0   0x0000000a   Code   RO         2167    .text.DJmotor_GetCanHandle  djmotor.o
    0x08001bfa   0x08001bfa   0x00000002   PAD
    0x08001bfc   0x08001bfc   0x00000294   Code   RO         2151    .text.DJmotor_Init  djmotor.o
    0x08001e90   0x08001e90   0x0000002a   Code   RO         2189    .text.DJmotor_IsZeroDone  djmotor.o
    0x08001eba   0x08001eba   0x00000002   PAD
    0x08001ebc   0x08001ebc   0x00000164   Code   RO         2173    .text.DJmotor_PositionMode  djmotor.o
    0x08002020   0x08002020   0x00000140   Code   RO         2161    .text.DJmotor_Receive  djmotor.o
    0x08002160   0x08002160   0x00000034   Code   RO         2183    .text.DJmotor_SetPositionTarget  djmotor.o
    0x08002194   0x08002194   0x0000001e   Code   RO         2155    .text.DJmotor_SetZero  djmotor.o
    0x080021b2   0x080021b2   0x00000002   PAD
    0x080021b4   0x080021b4   0x0000002a   Code   RO         2187    .text.DJmotor_SetZeromode  djmotor.o
    0x080021de   0x080021de   0x00000002   PAD
    0x080021e0   0x080021e0   0x000000e4   Code   RO         2169    .text.DJmotor_SpeedMode  djmotor.o
    0x080022c4   0x080022c4   0x0000005a   Code   RO         2181    .text.DJmotor_SwitchMode  djmotor.o
    0x0800231e   0x0800231e   0x00000002   PAD
    0x08002320   0x08002320   0x0000011a   Code   RO         2177    .text.DJmotor_ZeroMode  djmotor.o
    0x0800243a   0x0800243a   0x00000002   PAD
    0x0800243c   0x0800243c   0x00000010   Code   RO          131    .text.DMA1_Stream5_IRQHandler  stm32f4xx_it.o
    0x0800244c   0x0800244c   0x00000010   Code   RO          133    .text.DMA1_Stream6_IRQHandler  stm32f4xx_it.o
    0x0800245c   0x0800245c   0x00000010   Code   RO          149    .text.DMA2_Stream2_IRQHandler  stm32f4xx_it.o
    0x0800246c   0x0800246c   0x00000010   Code   RO          155    .text.DMA2_Stream7_IRQHandler  stm32f4xx_it.o
    0x0800247c   0x0800247c   0x00000050   Code   RO          785    .text.DMA_SetConfig  stm32f4xx_hal_dma.o
    0x080024cc   0x080024cc   0x00000162   Code   RO         1969    .text.Deal_RxPack   bluetooth.o
    0x0800262e   0x0800262e   0x00000002   PAD
    0x08002630   0x08002630   0x00000002   Code   RO          129    .text.DebugMon_Handler  stm32f4xx_it.o
    0x08002632   0x08002632   0x00000002   PAD
    0x08002634   0x08002634   0x000000f2   Code   RO         1971    .text.Debug_Receive  bluetooth.o
    0x08002726   0x08002726   0x00000002   PAD
    0x08002728   0x08002728   0x00000006   Code   RO           15    .text.Error_Handler  main.o
    0x0800272e   0x0800272e   0x00000002   PAD
    0x08002730   0x08002730   0x00000016   Code   RO         2159    .text.Get_Total_Ratio  djmotor.o
    0x08002746   0x08002746   0x00000002   PAD
    0x08002748   0x08002748   0x00000052   Code   RO          556    .text.HAL_CAN_ActivateNotification  stm32f4xx_hal_can.o
    0x0800279a   0x0800279a   0x00000002   PAD
    0x0800279c   0x0800279c   0x00000156   Code   RO          542    .text.HAL_CAN_AddTxMessage  stm32f4xx_hal_can.o
    0x080028f2   0x080028f2   0x00000002   PAD
    0x080028f4   0x080028f4   0x0000019e   Code   RO          532    .text.HAL_CAN_ConfigFilter  stm32f4xx_hal_can.o
    0x08002a92   0x08002a92   0x00000002   PAD
    0x08002a94   0x08002a94   0x00000008   Code   RO          586    .text.HAL_CAN_ErrorCallback  stm32f4xx_hal_can.o
    0x08002a9c   0x08002a9c   0x00000212   Code   RO          552    .text.HAL_CAN_GetRxMessage  stm32f4xx_hal_can.o
    0x08002cae   0x08002cae   0x00000002   PAD
    0x08002cb0   0x08002cb0   0x000003f2   Code   RO          560    .text.HAL_CAN_IRQHandler  stm32f4xx_hal_can.o
    0x080030a2   0x080030a2   0x00000002   PAD
    0x080030a4   0x080030a4   0x000001de   Code   RO          522    .text.HAL_CAN_Init  stm32f4xx_hal_can.o
    0x08003282   0x08003282   0x00000002   PAD
    0x08003284   0x08003284   0x000001ae   Code   RO           59    .text.HAL_CAN_MspInit  can.o
    0x08003432   0x08003432   0x00000002   PAD
    0x08003434   0x08003434   0x00000008   Code   RO          574    .text.HAL_CAN_RxFifo0FullCallback  stm32f4xx_hal_can.o
    0x0800343c   0x0800343c   0x00000080   Code   RO         1927    .text.HAL_CAN_RxFifo0MsgPendingCallback  can_irqhandler.o
    0x080034bc   0x080034bc   0x00000008   Code   RO          578    .text.HAL_CAN_RxFifo1FullCallback  stm32f4xx_hal_can.o
    0x080034c4   0x080034c4   0x000000d2   Code   RO         1929    .text.HAL_CAN_RxFifo1MsgPendingCallback  can_irqhandler.o
    0x08003596   0x08003596   0x00000002   PAD
    0x08003598   0x08003598   0x00000008   Code   RO          582    .text.HAL_CAN_SleepCallback  stm32f4xx_hal_can.o
    0x080035a0   0x080035a0   0x0000008a   Code   RO          534    .text.HAL_CAN_Start  stm32f4xx_hal_can.o
    0x0800362a   0x0800362a   0x00000002   PAD
    0x0800362c   0x0800362c   0x00000008   Code   RO          564    .text.HAL_CAN_TxMailbox0AbortCallback  stm32f4xx_hal_can.o
    0x08003634   0x08003634   0x00000008   Code   RO          562    .text.HAL_CAN_TxMailbox0CompleteCallback  stm32f4xx_hal_can.o
    0x0800363c   0x0800363c   0x00000008   Code   RO          568    .text.HAL_CAN_TxMailbox1AbortCallback  stm32f4xx_hal_can.o
    0x08003644   0x08003644   0x00000008   Code   RO          566    .text.HAL_CAN_TxMailbox1CompleteCallback  stm32f4xx_hal_can.o
    0x0800364c   0x0800364c   0x00000008   Code   RO          572    .text.HAL_CAN_TxMailbox2AbortCallback  stm32f4xx_hal_can.o
    0x08003654   0x08003654   0x00000008   Code   RO          570    .text.HAL_CAN_TxMailbox2CompleteCallback  stm32f4xx_hal_can.o
    0x0800365c   0x0800365c   0x00000008   Code   RO          584    .text.HAL_CAN_WakeUpFromRxMsgCallback  stm32f4xx_hal_can.o
    0x08003664   0x08003664   0x000000ec   Code   RO          789    .text.HAL_DMA_Abort  stm32f4xx_hal_dma.o
    0x08003750   0x08003750   0x00000044   Code   RO          791    .text.HAL_DMA_Abort_IT  stm32f4xx_hal_dma.o
    0x08003794   0x08003794   0x0000031e   Code   RO          795    .text.HAL_DMA_IRQHandler  stm32f4xx_hal_dma.o
    0x08003ab2   0x08003ab2   0x00000002   PAD
    0x08003ab4   0x08003ab4   0x000000c2   Code   RO          787    .text.HAL_DMA_Start_IT  stm32f4xx_hal_dma.o
    0x08003b76   0x08003b76   0x00000002   PAD
    0x08003b78   0x08003b78   0x00000042   Code   RO          970    .text.HAL_Delay     stm32f4xx_hal.o
    0x08003bba   0x08003bba   0x00000002   PAD
    0x08003bbc   0x08003bbc   0x000003b6   Code   RO          737    .text.HAL_GPIO_Init  stm32f4xx_hal_gpio.o
    0x08003f72   0x08003f72   0x00000002   PAD
    0x08003f74   0x08003f74   0x0000002e   Code   RO          743    .text.HAL_GPIO_WritePin  stm32f4xx_hal_gpio.o
    0x08003fa2   0x08003fa2   0x00000002   PAD
    0x08003fa4   0x08003fa4   0x0000000c   Code   RO          962    .text.HAL_GetTick   stm32f4xx_hal.o
    0x08003fb0   0x08003fb0   0x0000001a   Code   RO          960    .text.HAL_IncTick   stm32f4xx_hal.o
    0x08003fca   0x08003fca   0x00000002   PAD
    0x08003fcc   0x08003fcc   0x00000036   Code   RO          950    .text.HAL_Init      stm32f4xx_hal.o
    0x08004002   0x08004002   0x00000002   PAD
    0x08004004   0x08004004   0x000000da   Code   RO          172    .text.HAL_InitTick  stm32f4xx_hal_timebase_tim.o
    0x080040de   0x080040de   0x00000002   PAD
    0x080040e0   0x080040e0   0x00000058   Code   RO          164    .text.HAL_MspInit   stm32f4xx_hal_msp.o
    0x08004138   0x08004138   0x00000014   Code   RO          885    .text.HAL_NVIC_EnableIRQ  stm32f4xx_hal_cortex.o
    0x0800414c   0x0800414c   0x00000032   Code   RO          877    .text.HAL_NVIC_SetPriority  stm32f4xx_hal_cortex.o
    0x0800417e   0x0800417e   0x00000002   PAD
    0x08004180   0x08004180   0x00000010   Code   RO          873    .text.HAL_NVIC_SetPriorityGrouping  stm32f4xx_hal_cortex.o
    0x08004190   0x08004190   0x00000262   Code   RO          605    .text.HAL_RCC_ClockConfig  stm32f4xx_hal_rcc.o
    0x080043f2   0x080043f2   0x00000002   PAD
    0x080043f4   0x080043f4   0x00000054   Code   RO          623    .text.HAL_RCC_GetClockConfig  stm32f4xx_hal_rcc.o
    0x08004448   0x08004448   0x0000000c   Code   RO          615    .text.HAL_RCC_GetHCLKFreq  stm32f4xx_hal_rcc.o
    0x08004454   0x08004454   0x00000022   Code   RO          619    .text.HAL_RCC_GetPCLK2Freq  stm32f4xx_hal_rcc.o
    0x08004476   0x08004476   0x00000002   PAD
    0x08004478   0x08004478   0x000000e6   Code   RO          607    .text.HAL_RCC_GetSysClockFreq  stm32f4xx_hal_rcc.o
    0x0800455e   0x0800455e   0x00000002   PAD
    0x08004560   0x08004560   0x000006be   Code   RO          603    .text.HAL_RCC_OscConfig  stm32f4xx_hal_rcc.o
    0x08004c1e   0x08004c1e   0x00000002   PAD
    0x08004c20   0x08004c20   0x00000008   Code   RO          509    .text.HAL_TIMEx_BreakCallback  stm32f4xx_hal_tim_ex.o
    0x08004c28   0x08004c28   0x00000008   Code   RO          505    .text.HAL_TIMEx_CommutCallback  stm32f4xx_hal_tim_ex.o
    0x08004c30   0x08004c30   0x00000122   Code   RO          499    .text.HAL_TIMEx_MasterConfigSynchronization  stm32f4xx_hal_tim_ex.o
    0x08004d52   0x08004d52   0x00000002   PAD
    0x08004d54   0x08004d54   0x0000009c   Code   RO          186    .text.HAL_TIM_Base_Init  stm32f4xx_hal_tim.o
    0x08004df0   0x08004df0   0x00000096   Code   RO           85    .text.HAL_TIM_Base_MspInit  tim.o
    0x08004e86   0x08004e86   0x00000002   PAD
    0x08004e88   0x08004e88   0x000000f6   Code   RO          200    .text.HAL_TIM_Base_Start_IT  stm32f4xx_hal_tim.o
    0x08004f7e   0x08004f7e   0x00000002   PAD
    0x08004f80   0x08004f80   0x00000184   Code   RO          378    .text.HAL_TIM_ConfigClockSource  stm32f4xx_hal_tim.o
    0x08005104   0x08005104   0x00000008   Code   RO          322    .text.HAL_TIM_IC_CaptureCallback  stm32f4xx_hal_tim.o
    0x0800510c   0x0800510c   0x0000021a   Code   RO          320    .text.HAL_TIM_IRQHandler  stm32f4xx_hal_tim.o
    0x08005326   0x08005326   0x00000002   PAD
    0x08005328   0x08005328   0x00000008   Code   RO          324    .text.HAL_TIM_OC_DelayElapsedCallback  stm32f4xx_hal_tim.o
    0x08005330   0x08005330   0x00000008   Code   RO          326    .text.HAL_TIM_PWM_PulseFinishedCallback  stm32f4xx_hal_tim.o
    0x08005338   0x08005338   0x00000026   Code   RO           17    .text.HAL_TIM_PeriodElapsedCallback  main.o
    0x0800535e   0x0800535e   0x00000002   PAD
    0x08005360   0x08005360   0x00000008   Code   RO          330    .text.HAL_TIM_TriggerCallback  stm32f4xx_hal_tim.o
    0x08005368   0x08005368   0x000000b8   Code   RO         1093    .text.HAL_UARTEx_ReceiveToIdle_DMA  stm32f4xx_hal_uart.o
    0x08005420   0x08005420   0x00000062   Code   RO         1895    .text.HAL_UARTEx_RxEventCallback  uart_irqhandler.o
    0x08005482   0x08005482   0x00000002   PAD
    0x08005484   0x08005484   0x00000008   Code   RO         1129    .text.HAL_UART_ErrorCallback  stm32f4xx_hal_uart.o
    0x0800548c   0x0800548c   0x0000045c   Code   RO         1123    .text.HAL_UART_IRQHandler  stm32f4xx_hal_uart.o
    0x080058e8   0x080058e8   0x00000056   Code   RO         1075    .text.HAL_UART_Receive_DMA  stm32f4xx_hal_uart.o
    0x0800593e   0x0800593e   0x00000002   PAD
    0x08005940   0x08005940   0x00000068   Code   RO         1893    .text.HAL_UART_RxCpltCallback  uart_irqhandler.o
    0x080059a8   0x080059a8   0x00000008   Code   RO         1143    .text.HAL_UART_RxHalfCpltCallback  stm32f4xx_hal_uart.o
    0x080059b0   0x080059b0   0x00000008   Code   RO         1137    .text.HAL_UART_TxCpltCallback  stm32f4xx_hal_uart.o
    0x080059b8   0x080059b8   0x00000004   Code   RO          121    .text.HardFault_Handler  stm32f4xx_it.o
    0x080059bc   0x080059bc   0x0000000e   Code   RO         1944    .text.LedWaterTask  myostasks.o
    0x080059ca   0x080059ca   0x00000002   PAD
    0x080059cc   0x080059cc   0x0000009c   Code   RO         1865    .text.Led_Water     led.o
    0x08005a68   0x08005a68   0x00000108   Code   RO           55    .text.MX_CAN1_Init  can.o
    0x08005b70   0x08005b70   0x0000010a   Code   RO           57    .text.MX_CAN2_Init  can.o
    0x08005c7a   0x08005c7a   0x00000002   PAD
    0x08005c7c   0x08005c7c   0x00000098   Code   RO           73    .text.MX_DMA_Init   dma.o
    0x08005d14   0x08005d14   0x0000006a   Code   RO           35    .text.MX_FREERTOS_Init  freertos.o
    0x08005d7e   0x08005d7e   0x00000002   PAD
    0x08005d80   0x08005d80   0x000000a8   Code   RO           27    .text.MX_GPIO_Init  gpio.o
    0x08005e28   0x08005e28   0x00000096   Code   RO           81    .text.MX_TIM2_Init  tim.o
    0x08005ebe   0x08005ebe   0x00000002   PAD
    0x08005ec0   0x08005ec0   0x0000009a   Code   RO           83    .text.MX_TIM3_Init  tim.o
    0x08005f5a   0x08005f5a   0x00000002   PAD
    0x08005f5c   0x08005f5c   0x000002b6   Code   RO         1923    .text.Master_message_handler  can_irqhandler.o
    0x08006212   0x08006212   0x00000002   PAD
    0x08006214   0x08006214   0x00000004   Code   RO          123    .text.MemManage_Handler  stm32f4xx_it.o
    0x08006218   0x08006218   0x0000001c   Code   RO         2031    .text.N2DEG         mathfunc.o
    0x08006234   0x08006234   0x00000004   Code   RO          119    .text.NMI_Handler   stm32f4xx_it.o
    0x08006238   0x08006238   0x0000006c   Code   RO          883    .text.NVIC_EncodePriority  stm32f4xx_hal_cortex.o
    0x080062a4   0x080062a4   0x00000116   Code   RO         2070    .text.PID_Calculate  pid.o
    0x080063ba   0x080063ba   0x00000002   PAD
    0x080063bc   0x080063bc   0x00000044   Code   RO         2066    .text.PID_Init      pid.o
    0x08006400   0x08006400   0x00000022   Code   RO         2068    .text.PID_Reset     pid.o
    0x08006422   0x08006422   0x0000000e   PAD
    0x08006430   0x08006430   0x00000064   Code   RO         1838    .text.PendSV_Handler  port.o
    0x08006494   0x08006494   0x00000042   Code   RO         2265    .text.PickBlockTask_ArmCanStart  pickblocktask.o
    0x080064d6   0x080064d6   0x00000002   PAD
    0x080064d8   0x080064d8   0x00000034   Code   RO         2263    .text.PickBlockTask_CanStart  pickblocktask.o
    0x0800650c   0x0800650c   0x0000002c   Code   RO         2271    .text.PickBlockTask_ConfirmGrab  pickblocktask.o
    0x08006538   0x08006538   0x0000000c   Code   RO         2273    .text.PickBlockTask_GetState  pickblocktask.o
    0x08006544   0x08006544   0x00000018   Code   RO         2259    .text.PickBlockTask_Init  pickblocktask.o
    0x0800655c   0x0800655c   0x00000114   Code   RO         2275    .text.PickBlockTask_Process  pickblocktask.o
    0x08006670   0x08006670   0x0000001a   Code   RO         2279    .text.PickBlockTask_Reset  pickblocktask.o
    0x0800668a   0x0800668a   0x00000002   PAD
    0x0800668c   0x0800668c   0x0000003a   Code   RO         2267    .text.PickBlockTask_StartHighPick  pickblocktask.o
    0x080066c6   0x080066c6   0x00000002   PAD
    0x080066c8   0x080066c8   0x0000003a   Code   RO         2261    .text.PickBlockTask_StartLowPick  pickblocktask.o
    0x08006702   0x08006702   0x00000002   PAD
    0x08006704   0x08006704   0x0000003a   Code   RO         2269    .text.PickBlockTask_StartSecondPick  pickblocktask.o
    0x0800673e   0x0800673e   0x00000002   PAD
    0x08006740   0x08006740   0x00000056   Code   RO         2277    .text.PickBlockTask_Stop  pickblocktask.o
    0x08006796   0x08006796   0x00000002   PAD
    0x08006798   0x08006798   0x00000042   Code   RO         2296    .text.PlaceBlockTask_ArmCanStart  placeblocktask.o
    0x080067da   0x080067da   0x00000002   PAD
    0x080067dc   0x080067dc   0x00000034   Code   RO         2294    .text.PlaceBlockTask_CanStart  placeblocktask.o
    0x08006810   0x08006810   0x00000018   Code   RO         2302    .text.PlaceBlockTask_ConfirmRelease  placeblocktask.o
    0x08006828   0x08006828   0x0000000c   Code   RO         2304    .text.PlaceBlockTask_GetState  placeblocktask.o
    0x08006834   0x08006834   0x0000000e   Code   RO         2290    .text.PlaceBlockTask_Init  placeblocktask.o
    0x08006842   0x08006842   0x00000002   PAD
    0x08006844   0x08006844   0x000000ec   Code   RO         2306    .text.PlaceBlockTask_Process  placeblocktask.o
    0x08006930   0x08006930   0x0000000e   Code   RO         2310    .text.PlaceBlockTask_Reset  placeblocktask.o
    0x0800693e   0x0800693e   0x00000002   PAD
    0x08006940   0x08006940   0x00000032   Code   RO         2292    .text.PlaceBlockTask_StartBottom  placeblocktask.o
    0x08006972   0x08006972   0x00000002   PAD
    0x08006974   0x08006974   0x00000032   Code   RO         2298    .text.PlaceBlockTask_StartLevel1  placeblocktask.o
    0x080069a6   0x080069a6   0x00000002   PAD
    0x080069a8   0x080069a8   0x00000032   Code   RO         2300    .text.PlaceBlockTask_StartLevel2  placeblocktask.o
    0x080069da   0x080069da   0x00000002   PAD
    0x080069dc   0x080069dc   0x00000056   Code   RO         2308    .text.PlaceBlockTask_Stop  placeblocktask.o
    0x08006a32   0x08006a32   0x0000000e   PAD
    0x08006a40   0x08006a40   0x00000024   Code   RO         1822    .text.SVC_Handler   port.o
    0x08006a64   0x08006a64   0x0000000e   Code   RO         1618    .text.SVC_Setup     cmsis_os2.o
    0x08006a72   0x08006a72   0x00000002   PAD
    0x08006a74   0x08006a74   0x0000001e   Code   RO         1608    .text.SysTick_Handler  cmsis_os2.o
    0x08006a92   0x08006a92   0x00000002   PAD
    0x08006a94   0x08006a94   0x000000be   Code   RO           13    .text.SystemClock_Config  main.o
    0x08006b52   0x08006b52   0x00000002   PAD
    0x08006b54   0x08006b54   0x00000012   Code   RO         1170    .text.SystemInit    system_stm32f4xx.o
    0x08006b66   0x08006b66   0x00000002   PAD
    0x08006b68   0x08006b68   0x00000010   Code   RO          139    .text.TIM1_UP_TIM10_IRQHandler  stm32f4xx_it.o
    0x08006b78   0x08006b78   0x00000010   Code   RO          141    .text.TIM2_IRQHandler  stm32f4xx_it.o
    0x08006b88   0x08006b88   0x00000010   Code   RO          143    .text.TIM3_IRQHandler  stm32f4xx_it.o
    0x08006b98   0x08006b98   0x000001a4   Code   RO          190    .text.TIM_Base_SetConfig  stm32f4xx_hal_tim.o
    0x08006d3c   0x08006d3c   0x00000034   Code   RO          376    .text.TIM_ETR_SetConfig  stm32f4xx_hal_tim.o
    0x08006d70   0x08006d70   0x0000002a   Code   RO          382    .text.TIM_ITRx_SetConfig  stm32f4xx_hal_tim.o
    0x08006d9a   0x08006d9a   0x00000002   PAD
    0x08006d9c   0x08006d9c   0x0000008a   Code   RO         1881    .text.TIM_PeriodElapsedCallback  tim_irqhandler.o
    0x08006e26   0x08006e26   0x00000002   PAD
    0x08006e28   0x08006e28   0x00000050   Code   RO          380    .text.TIM_TI1_ConfigInputStage  stm32f4xx_hal_tim.o
    0x08006e78   0x08006e78   0x00000052   Code   RO          384    .text.TIM_TI2_ConfigInputStage  stm32f4xx_hal_tim.o
    0x08006eca   0x08006eca   0x00000002   PAD
    0x08006ecc   0x08006ecc   0x0000001c   Code   RO         1127    .text.UART_DMAAbortOnError  stm32f4xx_hal_uart.o
    0x08006ee8   0x08006ee8   0x0000007c   Code   RO         1073    .text.UART_DMAError  stm32f4xx_hal_uart.o
    0x08006f64   0x08006f64   0x000000f4   Code   RO         1159    .text.UART_DMAReceiveCplt  stm32f4xx_hal_uart.o
    0x08007058   0x08007058   0x00000034   Code   RO         1161    .text.UART_DMARxHalfCplt  stm32f4xx_hal_uart.o
    0x0800708c   0x0800708c   0x00000094   Code   RO         1087    .text.UART_EndRxTransfer  stm32f4xx_hal_uart.o
    0x08007120   0x08007120   0x00000026   Code   RO         1135    .text.UART_EndTransmit_IT  stm32f4xx_hal_uart.o
    0x08007146   0x08007146   0x00000002   PAD
    0x08007148   0x08007148   0x00000036   Code   RO         1085    .text.UART_EndTxTransfer  stm32f4xx_hal_uart.o
    0x0800717e   0x0800717e   0x00000002   PAD
    0x08007180   0x08007180   0x00000168   Code   RO         1125    .text.UART_Receive_IT  stm32f4xx_hal_uart.o
    0x080072e8   0x080072e8   0x00000130   Code   RO         1077    .text.UART_Start_Receive_DMA  stm32f4xx_hal_uart.o
    0x08007418   0x08007418   0x00000094   Code   RO         1133    .text.UART_Transmit_IT  stm32f4xx_hal_uart.o
    0x080074ac   0x080074ac   0x00000010   Code   RO          145    .text.USART1_IRQHandler  stm32f4xx_it.o
    0x080074bc   0x080074bc   0x00000010   Code   RO          147    .text.USART2_IRQHandler  stm32f4xx_it.o
    0x080074cc   0x080074cc   0x00000004   Code   RO          127    .text.UsageFault_Handler  stm32f4xx_it.o
    0x080074d0   0x080074d0   0x0000003a   Code   RO         2206    .text.ZdriveAsk     zdrive.o
    0x0800750a   0x0800750a   0x00000002   PAD
    0x0800750c   0x0800750c   0x0000004e   Code   RO         2202    .text.ZdriveDequeue  zdrive.o
    0x0800755a   0x0800755a   0x00000002   PAD
    0x0800755c   0x0800755c   0x000000d6   Code   RO         2212    .text.ZdriveEnqueue  zdrive.o
    0x08007632   0x08007632   0x00000002   PAD
    0x08007634   0x08007634   0x00000116   Code   RO         2228    .text.ZdriveFunc    zdrive.o
    0x0800774a   0x0800774a   0x00000002   PAD
    0x0800774c   0x0800774c   0x0000015a   Code   RO         2204    .text.ZdriveInit    zdrive.o
    0x080078a6   0x080078a6   0x00000002   PAD
    0x080078a8   0x080078a8   0x000003d8   Code   RO         2218    .text.ZdriveReceive  zdrive.o
    0x08007c80   0x08007c80   0x000000e8   Code   RO         2208    .text.ZdriveSet     zdrive.o
    0x08007d68   0x08007d68   0x00000028   Code   RO         2244    .text.Zdrive_DDisable  zdrive.o
    0x08007d90   0x08007d90   0x00000014   Code   RO         2230    .text.Zdrive_ErrHandle  zdrive.o
    0x08007da4   0x08007da4   0x00000030   Code   RO         2246    .text.Zdrive_GetTxQueue  zdrive.o
    0x08007dd4   0x08007dd4   0x0000002a   Code   RO         2216    .text.Zdrive_IdOnBus  zdrive.o
    0x08007dfe   0x08007dfe   0x00000002   PAD
    0x08007e00   0x08007e00   0x00000052   Code   RO         2214    .text.Zdrive_IsOurs  zdrive.o
    0x08007e52   0x08007e52   0x00000002   PAD
    0x08007e54   0x08007e54   0x0000002a   Code   RO         2242    .text.Zdrive_IsZeroDone  zdrive.o
    0x08007e7e   0x08007e7e   0x00000002   PAD
    0x08007e80   0x08007e80   0x000001c0   Code   RO         2234    .text.Zdrive_RunMachine  zdrive.o
    0x08008040   0x08008040   0x00000036   Code   RO         2236    .text.Zdrive_SetPositionTarget  zdrive.o
    0x08008076   0x08008076   0x00000002   PAD
    0x08008078   0x08008078   0x00000054   Code   RO         2240    .text.Zdrive_SetZeromode  zdrive.o
    0x080080cc   0x080080cc   0x00000004   Code   RO         2248    .text.Zdrive_SplitActive  zdrive.o
    0x080080d0   0x080080d0   0x00000092   Code   RO         2232    .text.Zdrive_SwitchMachine  zdrive.o
    0x08008162   0x08008162   0x00000002   PAD
    0x08008164   0x08008164   0x00000030   Code   RO          887    .text.__NVIC_EnableIRQ  stm32f4xx_hal_cortex.o
    0x08008194   0x08008194   0x00000010   Code   RO          879    .text.__NVIC_GetPriorityGrouping  stm32f4xx_hal_cortex.o
    0x080081a4   0x080081a4   0x00000042   Code   RO          881    .text.__NVIC_SetPriority  stm32f4xx_hal_cortex.o
    0x080081e6   0x080081e6   0x00000002   PAD
    0x080081e8   0x080081e8   0x00000042   Code   RO         1772    .text.__NVIC_SetPriority  cmsis_os2.o
    0x0800822a   0x0800822a   0x00000002   PAD
    0x0800822c   0x0800822c   0x0000003c   Code   RO          875    .text.__NVIC_SetPriorityGrouping  stm32f4xx_hal_cortex.o
    0x08008268   0x08008268   0x00000014   Code   RO         2163    .text.is_M3508      djmotor.o
    0x0800827c   0x0800827c   0x00000038   Code   RO         2370    .text.is_busy       blockarm.o
    0x080082b4   0x080082b4   0x00000012   Code   RO         2368    .text.is_disabled   blockarm.o
    0x080082c6   0x080082c6   0x00000002   PAD
    0x080082c8   0x080082c8   0x00000070   Code   RO           11    .text.main          main.o
    0x08008338   0x08008338   0x00000034   Code   RO         1676    .text.osDelay       cmsis_os2.o
    0x0800836c   0x0800836c   0x00000058   Code   RO         1678    .text.osDelayUntil  cmsis_os2.o
    0x080083c4   0x080083c4   0x00000026   Code   RO         1626    .text.osKernelGetTickCount  cmsis_os2.o
    0x080083ea   0x080083ea   0x00000002   PAD
    0x080083ec   0x080083ec   0x00000046   Code   RO         1610    .text.osKernelInitialize  cmsis_os2.o
    0x08008432   0x08008432   0x00000002   PAD
    0x08008434   0x08008434   0x00000052   Code   RO         1616    .text.osKernelStart  cmsis_os2.o
    0x08008486   0x08008486   0x00000002   PAD
    0x08008488   0x08008488   0x0000015a   Code   RO         1640    .text.osThreadNew   cmsis_os2.o
    0x080085e2   0x080085e2   0x00000002   PAD
    0x080085e4   0x080085e4   0x000000d4   Code   RO         1402    .text.prvAddCurrentTaskToDelayedList  tasks.o
    0x080086b8   0x080086b8   0x00000122   Code   RO         1388    .text.prvAddNewTaskToReadyList  tasks.o
    0x080087da   0x080087da   0x00000002   PAD
    0x080087dc   0x080087dc   0x000000a2   Code   RO         1539    .text.prvCheckForValidListAndQueue  timers.o
    0x0800887e   0x0800887e   0x00000002   PAD
    0x08008880   0x08008880   0x0000005a   Code   RO         1506    .text.prvCheckTasksWaitingTermination  tasks.o
    0x080088da   0x080088da   0x00000002   PAD
    0x080088dc   0x080088dc   0x00000042   Code   RO         1281    .text.prvCopyDataFromQueue  queue.o
    0x0800891e   0x0800891e   0x00000002   PAD
    0x08008920   0x08008920   0x000000cc   Code   RO         1269    .text.prvCopyDataToQueue  queue.o
    0x080089ec   0x080089ec   0x0000005e   Code   RO         1394    .text.prvDeleteTCB  tasks.o
    0x08008a4a   0x08008a4a   0x00000002   PAD
    0x08008a4c   0x08008a4c   0x00000040   Code   RO         1577    .text.prvGetNextExpireTime  timers.o
    0x08008a8c   0x08008a8c   0x000000bc   Code   RO         1789    .text.prvHeapInit   heap_4.o
    0x08008b48   0x08008b48   0x00000038   Code   RO         1428    .text.prvIdleTask   tasks.o
    0x08008b80   0x08008b80   0x00000048   Code   RO         1243    .text.prvInitialiseNewQueue  queue.o
    0x08008bc8   0x08008bc8   0x00000122   Code   RO         1386    .text.prvInitialiseNewTask  tasks.o
    0x08008cea   0x08008cea   0x00000002   PAD
    0x08008cec   0x08008cec   0x0000008e   Code   RO         1504    .text.prvInitialiseTaskLists  tasks.o
    0x08008d7a   0x08008d7a   0x00000002   PAD
    0x08008d7c   0x08008d7c   0x000000c6   Code   RO         1791    .text.prvInsertBlockIntoFreeList  heap_4.o
    0x08008e42   0x08008e42   0x00000002   PAD
    0x08008e44   0x08008e44   0x00000086   Code   RO         1589    .text.prvInsertTimerInActiveList  timers.o
    0x08008eca   0x08008eca   0x00000002   PAD
    0x08008ecc   0x08008ecc   0x00000028   Code   RO         1283    .text.prvIsQueueEmpty  queue.o
    0x08008ef4   0x08008ef4   0x0000002e   Code   RO         1271    .text.prvIsQueueFull  queue.o
    0x08008f22   0x08008f22   0x00000002   PAD
    0x08008f24   0x08008f24   0x00000028   Code   RO         1830    .text.prvPortStartFirstTask  port.o
    0x08008f4c   0x08008f4c   0x0000008e   Code   RO         1585    .text.prvProcessExpiredTimer  timers.o
    0x08008fda   0x08008fda   0x00000002   PAD
    0x08008fdc   0x08008fdc   0x00000192   Code   RO         1581    .text.prvProcessReceivedCommands  timers.o
    0x0800916e   0x0800916e   0x00000002   PAD
    0x08009170   0x08009170   0x0000009a   Code   RO         1579    .text.prvProcessTimerOrBlockTask  timers.o
    0x0800920a   0x0800920a   0x00000002   PAD
    0x0800920c   0x0800920c   0x00000046   Code   RO         1396    .text.prvResetNextTaskUnblockTime  tasks.o
    0x08009252   0x08009252   0x00000002   PAD
    0x08009254   0x08009254   0x00000044   Code   RO         1583    .text.prvSampleTimeNow  timers.o
    0x08009298   0x08009298   0x000000d4   Code   RO         1587    .text.prvSwitchTimerLists  timers.o
    0x0800936c   0x0800936c   0x0000004c   Code   RO         1820    .text.prvTaskExitError  port.o
    0x080093b8   0x080093b8   0x0000001e   Code   RO         1541    .text.prvTimerTask  timers.o
    0x080093d6   0x080093d6   0x00000002   PAD
    0x080093d8   0x080093d8   0x000000ae   Code   RO         1273    .text.prvUnlockQueue  queue.o
    0x08009486   0x08009486   0x00000002   PAD
    0x08009488   0x08009488   0x000001ec   Code   RO         1787    .text.pvPortMalloc  heap_4.o
    0x08009674   0x08009674   0x0000005e   Code   RO         1818    .text.pxPortInitialiseStack  port.o
    0x080096d2   0x080096d2   0x00000002   PAD
    0x080096d4   0x080096d4   0x0000009e   Code   RO         2091    .text.register_updata  solenoid.o
    0x08009772   0x08009772   0x00000002   PAD
    0x08009774   0x08009774   0x00000060   Code   RO         1913    .text.send_busy_message  can_irqhandler.o
    0x080097d4   0x080097d4   0x00000060   Code   RO         1911    .text.send_disable_message  can_irqhandler.o
    0x08009834   0x08009834   0x00000062   Code   RO         1917    .text.send_finish_message  can_irqhandler.o
    0x08009896   0x08009896   0x00000002   PAD
    0x08009898   0x08009898   0x00000060   Code   RO         1915    .text.send_receive_message  can_irqhandler.o
    0x080098f8   0x080098f8   0x0000002e   Code   RO         2085    .text.solenoid_channel_init  solenoid.o
    0x08009926   0x08009926   0x00000002   PAD
    0x08009928   0x08009928   0x0000017e   Code   RO         2087    .text.solenoid_init  solenoid.o
    0x08009aa6   0x08009aa6   0x00000002   PAD
    0x08009aa8   0x08009aa8   0x00000072   Code   RO         2089    .text.solenoid_on   solenoid.o
    0x08009b1a   0x08009b1a   0x00000002   PAD
    0x08009b1c   0x08009b1c   0x00000048   Code   RO         1230    .text.uxListRemove  list.o
    0x08009b64   0x08009b64   0x0000002a   Code   RO         1768    .text.vApplicationGetIdleTaskMemory  cmsis_os2.o
    0x08009b8e   0x08009b8e   0x00000002   PAD
    0x08009b90   0x08009b90   0x0000002c   Code   RO         1770    .text.vApplicationGetTimerTaskMemory  cmsis_os2.o
    0x08009bbc   0x08009bbc   0x0000002e   Code   RO         1222    .text.vListInitialise  list.o
    0x08009bea   0x08009bea   0x00000002   PAD
    0x08009bec   0x08009bec   0x0000000e   Code   RO         1224    .text.vListInitialiseItem  list.o
    0x08009bfa   0x08009bfa   0x00000002   PAD
    0x08009bfc   0x08009bfc   0x0000006a   Code   RO         1228    .text.vListInsert   list.o
    0x08009c66   0x08009c66   0x00000002   PAD
    0x08009c68   0x08009c68   0x0000003a   Code   RO         1226    .text.vListInsertEnd  list.o
    0x08009ca2   0x08009ca2   0x00000002   PAD
    0x08009ca4   0x08009ca4   0x00000014   Code   RO         1828    .text.vPortEnableVFP  port.o
    0x08009cb8   0x08009cb8   0x00000056   Code   RO         1834    .text.vPortEnterCritical  port.o
    0x08009d0e   0x08009d0e   0x00000002   PAD
    0x08009d10   0x08009d10   0x0000004a   Code   RO         1836    .text.vPortExitCritical  port.o
    0x08009d5a   0x08009d5a   0x00000002   PAD
    0x08009d5c   0x08009d5c   0x000000ce   Code   RO         1793    .text.vPortFree     heap_4.o
    0x08009e2a   0x08009e2a   0x00000002   PAD
    0x08009e2c   0x08009e2c   0x00000044   Code   RO         1826    .text.vPortSetupTimerInterrupt  port.o
    0x08009e70   0x08009e70   0x00000084   Code   RO         1842    .text.vPortValidateInterruptPriority  port.o
    0x08009ef4   0x08009ef4   0x00000052   Code   RO         1313    .text.vQueueAddToRegistry  queue.o
    0x08009f46   0x08009f46   0x00000002   PAD
    0x08009f48   0x08009f48   0x00000064   Code   RO         1317    .text.vQueueWaitForMessageRestricted  queue.o
    0x08009fac   0x08009fac   0x0000006e   Code   RO         1406    .text.vTaskDelay    tasks.o
    0x0800a01a   0x0800a01a   0x00000002   PAD
    0x0800a01c   0x0800a01c   0x00000114   Code   RO         1398    .text.vTaskDelayUntil  tasks.o
    0x0800a130   0x0800a130   0x00000024   Code   RO         1460    .text.vTaskInternalSetTimeOutState  tasks.o
    0x0800a154   0x0800a154   0x0000000e   Code   RO         1464    .text.vTaskMissedYield  tasks.o
    0x0800a162   0x0800a162   0x00000002   PAD
    0x0800a164   0x0800a164   0x00000042   Code   RO         1448    .text.vTaskPlaceOnEventList  tasks.o
    0x0800a1a6   0x0800a1a6   0x00000002   PAD
    0x0800a1a8   0x0800a1a8   0x00000052   Code   RO         1452    .text.vTaskPlaceOnEventListRestricted  tasks.o
    0x0800a1fa   0x0800a1fa   0x00000002   PAD
    0x0800a1fc   0x0800a1fc   0x000000e0   Code   RO         1426    .text.vTaskStartScheduler  tasks.o
    0x0800a2dc   0x0800a2dc   0x00000010   Code   RO         1400    .text.vTaskSuspendAll  tasks.o
    0x0800a2ec   0x0800a2ec   0x000000c6   Code   RO         1418    .text.vTaskSwitchContext  tasks.o
    0x0800a3b2   0x0800a3b2   0x00000002   PAD
    0x0800a3b4   0x0800a3b4   0x00000156   Code   RO         1824    .text.xPortStartScheduler  port.o
    0x0800a50a   0x0800a50a   0x00000002   PAD
    0x0800a50c   0x0800a50c   0x0000003c   Code   RO         1840    .text.xPortSysTickHandler  port.o
    0x0800a548   0x0800a548   0x0000010e   Code   RO         1241    .text.xQueueGenericCreateStatic  queue.o
    0x0800a656   0x0800a656   0x00000002   PAD
    0x0800a658   0x0800a658   0x000000ba   Code   RO         1239    .text.xQueueGenericReset  queue.o
    0x0800a712   0x0800a712   0x00000002   PAD
    0x0800a714   0x0800a714   0x0000022c   Code   RO         1259    .text.xQueueGenericSend  queue.o
    0x0800a940   0x0800a940   0x0000014c   Code   RO         1275    .text.xQueueGenericSendFromISR  queue.o
    0x0800aa8c   0x0800aa8c   0x000001dc   Code   RO         1279    .text.xQueueReceive  queue.o
    0x0800ac68   0x0800ac68   0x000000cc   Code   RO         1462    .text.xTaskCheckForTimeOut  tasks.o
    0x0800ad34   0x0800ad34   0x0000009e   Code   RO         1390    .text.xTaskCreate   tasks.o
    0x0800add2   0x0800add2   0x00000002   PAD
    0x0800add4   0x0800add4   0x000000ce   Code   RO         1384    .text.xTaskCreateStatic  tasks.o
    0x0800aea2   0x0800aea2   0x00000002   PAD
    0x0800aea4   0x0800aea4   0x00000038   Code   RO         1478    .text.xTaskGetSchedulerState  tasks.o
    0x0800aedc   0x0800aedc   0x00000014   Code   RO         1434    .text.xTaskGetTickCount  tasks.o
    0x0800aef0   0x0800aef0   0x0000001e   Code   RO         1436    .text.xTaskGetTickCountFromISR  tasks.o
    0x0800af0e   0x0800af0e   0x00000002   PAD
    0x0800af10   0x0800af10   0x000001c4   Code   RO         1432    .text.xTaskIncrementTick  tasks.o
    0x0800b0d4   0x0800b0d4   0x000000ec   Code   RO         1482    .text.xTaskPriorityDisinherit  tasks.o
    0x0800b1c0   0x0800b1c0   0x000000ce   Code   RO         1454    .text.xTaskRemoveFromEventList  tasks.o
    0x0800b28e   0x0800b28e   0x00000002   PAD
    0x0800b290   0x0800b290   0x00000186   Code   RO         1404    .text.xTaskResumeAll  tasks.o
    0x0800b416   0x0800b416   0x00000002   PAD
    0x0800b418   0x0800b418   0x00000094   Code   RO         1537    .text.xTimerCreateTimerTask  timers.o
    0x0800b4ac   0x0800b4ac   0x000000b0   Code   RO         1549    .text.xTimerGenericCommand  timers.o
    0x0800b55c   0x0800b55c   0x00000018   Code   RO         2511    x$fpl$dcmpinf       fz_wm.l(dcmpi.o)
    0x0800b574   0x0800b574   0x00000078   Code   RO         2457    x$fpl$deqf          fz_wm.l(deqf.o)
    0x0800b5ec   0x0800b5ec   0x00000078   Code   RO         2459    x$fpl$dgeqf         fz_wm.l(dgeqf.o)
    0x0800b664   0x0800b664   0x00000078   Code   RO         2461    x$fpl$dleqf         fz_wm.l(dleqf.o)
    0x0800b6dc   0x0800b6dc   0x0000009c   Code   RO         2513    x$fpl$dnaninf       fz_wm.l(dnaninf.o)
    0x0800b778   0x0800b778   0x0000000c   Code   RO         2463    x$fpl$dretinf       fz_wm.l(dretinf.o)
    0x0800b784   0x0800b784   0x00000056   Code   RO         2422    x$fpl$f2d           fz_wm.l(f2d.o)
    0x0800b7da   0x0800b7da   0x00000054   Code   RO         2420    x$fpl$fcmp          fz_wm.l(dcmp.o)
    0x0800b82e   0x0800b82e   0x0000008c   Code   RO         2465    x$fpl$fnaninf       fz_wm.l(fnaninf.o)
    0x0800b8ba   0x0800b8ba   0x0000001a   Code   RO         2604    x$fpl$fpinit        fz_wm.l(fpinit.o)
    0x0800b8d4   0x0800b8d4   0x00000000   Code   RO         2469    x$fpl$usenofp       fz_wm.l(usenofp.o)
    0x0800b8d4   0x0800b8d4   0x00000010   Data   RO         1175    .rodata.AHBPrescTable  system_stm32f4xx.o
    0x0800b8e4   0x0800b8e4   0x00000008   Data   RO         1176    .rodata.APBPrescTable  system_stm32f4xx.o
    0x0800b8ec   0x0800b8ec   0x00000038   Data   RO         2145    .rodata.ARM_POSES_RIGHT  arm_poses.o
    0x0800b924   0x0800b924   0x00000024   Data   RO           44    .rodata.BeepTask_attributes  freertos.o
    0x0800b948   0x0800b948   0x00000024   Data   RO           42    .rodata.BlockArmTask_attributes  freertos.o
    0x0800b96c   0x0800b96c   0x00000024   Data   RO           43    .rodata.LedTask_attributes  freertos.o
    0x0800b990   0x0800b990   0x00000001   Data   RO         2251    .rodata.s_empty_data  zdrive.o
    0x0800b991   0x0800b991   0x0000001e   Data   RO           41    .rodata.str1.1      freertos.o
    0x0800b9af   0x0800b9af   0x00000005   Data   RO         1522    .rodata.str1.1      tasks.o
    0x0800b9b4   0x0800b9b4   0x0000000d   Data   RO         1592    .rodata.str1.1      timers.o
    0x0800b9c1   0x0800b9c1   0x00000003   PAD
    0x0800b9c4   0x0800b9c4   0x00000020   Data   RO         2665    Region$$Table       anon$$obj.o


    Execution Region RW_IRAM1 (Exec base: 0x20000000, Load base: 0x0800b9e8, Size: 0x00006520, Max: 0x0001c000, ABSOLUTE)

    Exec Addr    Load Addr    Size         Type   Attr      Idx    E Section Name        Object

    0x20000000   0x0800b9e8   0x00000004   Data   RW         1174    .data.SystemCoreClock  system_stm32f4xx.o
    0x20000004   0x0800b9ec   0x00000001   Data   RW         1005    .data.uwTickFreq    stm32f4xx_hal.o
    0x20000005   0x0800b9ed   0x00000003   PAD
    0x20000008   0x0800b9f0   0x00000004   Data   RW         1004    .data.uwTickPrio    stm32f4xx_hal.o
    0x2000000c   0x0800b9f4   0x00000004   Data   RW         1846    .data.uxCriticalNesting  port.o
    0x20000010        -       0x00000060   Zero   RW         2516    .bss                c_w.l(libspace.o)
    0x20000070        -       0x00000004   Zero   RW         2374    .bss.ARM_POSES      blockarm.o
    0x20000074        -       0x00000001   Zero   RW         1952    .bss.BeepAlarmTimes  myostasks.o
    0x20000075   0x0800b9f8   0x00000003   PAD
    0x20000078        -       0x00000004   Zero   RW           46    .bss.BeepTaskHandle  freertos.o
    0x2000007c        -       0x00000004   Zero   RW           47    .bss.BlockArmTaskHandle  freertos.o
    0x20000080        -       0x00000128   Zero   RW         2135    .bss.CAN1_Txqueue   canqueue.o
    0x200001a8        -       0x00000128   Zero   RW         2136    .bss.CAN2_Txqueue   canqueue.o
    0x200002d0        -       0x000003d0   Zero   RW         2193    .bss.DJmotor        djmotor.o
    0x200006a0        -       0x00000008   Zero   RW         2194    .bss.DJmotor_CurrentTransmit.tx_data  djmotor.o
    0x200006a8        -       0x00000004   Zero   RW           65    .bss.HAL_RCC_CAN1_CLK_ENABLED  can.o
    0x200006ac        -       0x00000004   Zero   RW         1774    .bss.KernelState    cmsis_os2.o
    0x200006b0        -       0x00000004   Zero   RW           45    .bss.LedTaskHandle  freertos.o
    0x200006b4        -       0x00000107   Zero   RW         1975    .bss.PackMsg        bluetooth.o
    0x200007bb   0x0800b9f8   0x00000001   PAD
    0x200007bc        -       0x00000038   Zero   RW         1976    .bss.RxMsgPack      bluetooth.o
    0x200007f4        -       0x00000001   Zero   RW         1884    .bss.TIM_PeriodElapsedCallback.Func_cnt  tim_irqhandler.o
    0x200007f5        -       0x00000001   Zero   RW         1883    .bss.TIM_PeriodElapsedCallback.cnt  tim_irqhandler.o
    0x200007f6   0x0800b9f8   0x00000002   PAD
    0x200007f8        -       0x00000408   Zero   RW         2250    .bss.Zmotor         zdrive.o
    0x20000c00        -       0x00000040   Zero   RW         2375    .bss.block_arm      blockarm.o
    0x20000c40        -       0x0000000c   Zero   RW         2395    .bss.block_vacuum   blockvacuum.o
    0x20000c4c        -       0x00000001   Zero   RW         1953    .bss.flag           myostasks.o
    0x20000c4d        -       0x00000001   Zero   RW         1954    .bss.flag1          myostasks.o
    0x20000c4e        -       0x00000001   Zero   RW         1955    .bss.flag2          myostasks.o
    0x20000c4f        -       0x00000001   Zero   RW         1956    .bss.flag3          myostasks.o
    0x20000c50        -       0x00000001   Zero   RW         1957    .bss.flag4          myostasks.o
    0x20000c51        -       0x00000001   Zero   RW         1958    .bss.flag5          myostasks.o
    0x20000c52        -       0x00000001   Zero   RW         1959    .bss.flag6          myostasks.o
    0x20000c53        -       0x00000001   Zero   RW         1960    .bss.flag7          myostasks.o
    0x20000c54        -       0x00000002   Zero   RW         2281    .bss.grab_count     pickblocktask.o
    0x20000c56   0x0800b9f8   0x00000002   PAD
    0x20000c58        -       0x00000028   Zero   RW           63    .bss.hcan1          can.o
    0x20000c80        -       0x00000028   Zero   RW           64    .bss.hcan2          can.o
    0x20000ca8        -       0x00000060   Zero   RW          108    .bss.hdma_usart1_rx  usart.o
    0x20000d08        -       0x00000060   Zero   RW          109    .bss.hdma_usart1_tx  usart.o
    0x20000d68        -       0x00000060   Zero   RW          110    .bss.hdma_usart2_rx  usart.o
    0x20000dc8        -       0x00000060   Zero   RW          111    .bss.hdma_usart2_tx  usart.o
    0x20000e28        -       0x00000048   Zero   RW          178    .bss.htim1          stm32f4xx_hal_timebase_tim.o
    0x20000e70        -       0x00000048   Zero   RW           89    .bss.htim2          tim.o
    0x20000eb8        -       0x00000048   Zero   RW           90    .bss.htim3          tim.o
    0x20000f00        -       0x00000048   Zero   RW          106    .bss.huart1         usart.o
    0x20000f48        -       0x00000048   Zero   RW          107    .bss.huart2         usart.o
    0x20000f90        -       0x00000001   Zero   RW         2282    .bss.pick_block_task_state  pickblocktask.o
    0x20000f91        -       0x00000001   Zero   RW         2312    .bss.place_block_task_state  placeblocktask.o
    0x20000f92        -       0x000000a0   Zero   RW         1600    .bss.prvCheckForValidListAndQueue.ucStaticTimerQueueStorage  timers.o
    0x20001032   0x0800b9f8   0x00000002   PAD
    0x20001034        -       0x00000050   Zero   RW         1599    .bss.prvCheckForValidListAndQueue.xStaticTimerQueue  timers.o
    0x20001084        -       0x00000004   Zero   RW         1596    .bss.prvSampleTimeNow.xLastTime  timers.o
    0x20001088        -       0x00000004   Zero   RW         1508    .bss.pxCurrentTCB   tasks.o
    0x2000108c        -       0x00000004   Zero   RW         1594    .bss.pxCurrentTimerList  timers.o
    0x20001090        -       0x00000004   Zero   RW         1516    .bss.pxDelayedTaskList  tasks.o
    0x20001094        -       0x00000004   Zero   RW         1803    .bss.pxEnd          heap_4.o
    0x20001098        -       0x00000004   Zero   RW         1517    .bss.pxOverflowDelayedTaskList  tasks.o
    0x2000109c        -       0x00000004   Zero   RW         1595    .bss.pxOverflowTimerList  timers.o
    0x200010a0        -       0x00000460   Zero   RW         1519    .bss.pxReadyTasksLists  tasks.o
    0x20001500        -       0x00000001   Zero   RW         2134    .bss.s_can_queue_initialized  canqueue.o
    0x20001501        -       0x00000001   Zero   RW         1935    .bss.s_click_count  can_irqhandler.o
    0x20001502        -       0x00000001   Zero   RW         1934    .bss.s_click_signal  can_irqhandler.o
    0x20001503        -       0x00000008   Zero   RW         1933    .bss.s_command_fifo  can_irqhandler.o
    0x2000150b        -       0x00000001   Zero   RW         1932    .bss.s_command_front  can_irqhandler.o
    0x2000150c        -       0x00000001   Zero   RW         1931    .bss.s_command_rear  can_irqhandler.o
    0x2000150d        -       0x00000001   Zero   RW         1961    .bss.s_finish_process  myostasks.o
    0x2000150e   0x0800b9f8   0x00000002   PAD
    0x20001510        -       0x00000004   Zero   RW         1936    .bss.s_last_click_tick  can_irqhandler.o
    0x20001514        -       0x0000000c   Zero   RW         2093    .bss.solenoid_Channel1  solenoid.o
    0x20001520        -       0x0000000c   Zero   RW         2094    .bss.solenoid_Channel2  solenoid.o
    0x2000152c        -       0x0000000c   Zero   RW         2095    .bss.solenoid_Channel3  solenoid.o
    0x20001538        -       0x00000001   Zero   RW         1897    .bss.u1_rx_buffer   uart_irqhandler.o
    0x20001539        -       0x00000005   Zero   RW         1898    .bss.u2_rx_buffer   uart_irqhandler.o
    0x2000153e        -       0x00003c00   Zero   RW         1810    .bss.ucHeap         heap_4.o
    0x2000513e        -       0x00000001   Zero   RW         1844    .bss.ucMaxSysCallPriority  port.o
    0x2000513f   0x0800b9f8   0x00000001   PAD
    0x20005140        -       0x00000004   Zero   RW         1845    .bss.ulMaxPRIGROUPValue  port.o
    0x20005144        -       0x00000004   Zero   RW         1006    .bss.uwTick         stm32f4xx_hal.o
    0x20005148        -       0x00000004   Zero   RW         1512    .bss.uxCurrentNumberOfTasks  tasks.o
    0x2000514c        -       0x00000004   Zero   RW         1511    .bss.uxDeletedTasksWaitingCleanUp  tasks.o
    0x20005150        -       0x00000004   Zero   RW         1514    .bss.uxSchedulerSuspended  tasks.o
    0x20005154        -       0x00000004   Zero   RW         1509    .bss.uxTaskNumber   tasks.o
    0x20005158        -       0x00000004   Zero   RW         1520    .bss.uxTopReadyPriority  tasks.o
    0x2000515c        -       0x00000200   Zero   RW         1777    .bss.vApplicationGetIdleTaskMemory.Idle_Stack  cmsis_os2.o
    0x2000535c        -       0x0000005c   Zero   RW         1776    .bss.vApplicationGetIdleTaskMemory.Idle_TCB  cmsis_os2.o
    0x200053b8        -       0x00000400   Zero   RW         1779    .bss.vApplicationGetTimerTaskMemory.Timer_Stack  cmsis_os2.o
    0x200057b8        -       0x0000005c   Zero   RW         1778    .bss.vApplicationGetTimerTaskMemory.Timer_TCB  cmsis_os2.o
    0x20005814        -       0x00000014   Zero   RW         1597    .bss.xActiveTimerList1  timers.o
    0x20005828        -       0x00000014   Zero   RW         1598    .bss.xActiveTimerList2  timers.o
    0x2000583c        -       0x00000004   Zero   RW         1804    .bss.xBlockAllocatedBit  heap_4.o
    0x20005840        -       0x00000014   Zero   RW         1528    .bss.xDelayedTaskList1  tasks.o
    0x20005854        -       0x00000014   Zero   RW         1529    .bss.xDelayedTaskList2  tasks.o
    0x20005868        -       0x00000004   Zero   RW         1805    .bss.xFreeBytesRemaining  heap_4.o
    0x2000586c        -       0x00000004   Zero   RW         1523    .bss.xIdleTaskHandle  tasks.o
    0x20005870        -       0x00000004   Zero   RW         1807    .bss.xMinimumEverFreeBytesRemaining  heap_4.o
    0x20005874        -       0x00000004   Zero   RW         1524    .bss.xNextTaskUnblockTime  tasks.o
    0x20005878        -       0x00000004   Zero   RW         1527    .bss.xNumOfOverflows  tasks.o
    0x2000587c        -       0x00000004   Zero   RW         1808    .bss.xNumberOfSuccessfulAllocations  heap_4.o
    0x20005880        -       0x00000004   Zero   RW         1809    .bss.xNumberOfSuccessfulFrees  heap_4.o
    0x20005884        -       0x00000004   Zero   RW         1526    .bss.xPendedTicks   tasks.o
    0x20005888        -       0x00000014   Zero   RW         1521    .bss.xPendingReadyList  tasks.o
    0x2000589c        -       0x00000040   Zero   RW         1319    .bss.xQueueRegistry  queue.o
    0x200058dc        -       0x00000004   Zero   RW         1513    .bss.xSchedulerRunning  tasks.o
    0x200058e0        -       0x00000008   Zero   RW         1806    .bss.xStart         heap_4.o
    0x200058e8        -       0x00000014   Zero   RW         1518    .bss.xSuspendedTaskList  tasks.o
    0x200058fc        -       0x00000014   Zero   RW         1510    .bss.xTasksWaitingTermination  tasks.o
    0x20005910        -       0x00000004   Zero   RW         1515    .bss.xTickCount     tasks.o
    0x20005914        -       0x00000004   Zero   RW         1591    .bss.xTimerQueue    timers.o
    0x20005918        -       0x00000004   Zero   RW         1593    .bss.xTimerTaskHandle  timers.o
    0x2000591c        -       0x00000004   Zero   RW         1525    .bss.xYieldPending  tasks.o
    0x20005920        -       0x00000800   Zero   RW            2    HEAP                startup_stm32f405xx.o
    0x20006120        -       0x00000400   Zero   RW            1    STACK               startup_stm32f405xx.o


    Execution Region RW_IRAM2 (Exec base: 0x2001c000, Load base: 0x0800b9f8, Size: 0x00000000, Max: 0x00004000, ABSOLUTE)

    **** No section assigned to this execution region ****


==============================================================================

Image component sizes


      Code (inc. data)   RO Data    RW Data    ZI Data      Debug   Object Name

         0          0         56          0          0        559   arm_poses.o
       122          0          0          0          0       1260   beep.o
      2082         30          0          0         68       9991   blockarm.o
       324          6          0          0         12       1552   blockvacuum.o
       596          0          0          0        319       2736   bluetooth.o
       960          0          0          0         84       6959   can.o
      2066          0          0          0         16       6995   can_irqhandler.o
       574          0          0          0        593       4552   canqueue.o
       872          0          0          0       1724      34882   cmsis_os2.o
      3128         42          0          0        984       9838   djmotor.o
       152          0          0          0          0       3278   dma.o
       106          0        138          0         12       2856   freertos.o
       168          0          0          0          0       2100   gpio.o
      1084          0          0          0      15392       4451   heap_4.o
       156          0          0          0          0       1087   led.o
       296          0          0          0          0       2215   list.o
       346          0          0          0          0       5726   main.o
        62          4          0          0          0       8944   mathfunc.o
      1022         10          0          0         10       3449   myostasks.o
       760         10          0          0          3       3003   pickblocktask.o
       380          0          0          0          0       2542   pid.o
       654         10          0          0          1       2847   placeblocktask.o
      1128         16          0          4          5       3826   port.o
      2604          0          0          0         64      17265   queue.o
       700          0          0          0         36       3232   solenoid.o
        64         26        392          0       3072        852   startup_stm32f405xx.o
       158          0          0          5          4       7060   stm32f4xx_hal.o
      3082          0          0          0          0      11490   stm32f4xx_hal_can.o
       384          0          0          0          0       9640   stm32f4xx_hal_cortex.o
      1376          0          0          0          0       8469   stm32f4xx_hal_dma.o
       996          0          0          0          0       5097   stm32f4xx_hal_gpio.o
        88          0          0          0          0       3305   stm32f4xx_hal_msp.o
      2696          0          0          0          0       7594   stm32f4xx_hal_rcc.o
      2036          0          0          0          0      35834   stm32f4xx_hal_tim.o
       306          0          0          0          0      15260   stm32f4xx_hal_tim_ex.o
       218          0          0          0         72       6992   stm32f4xx_hal_timebase_tim.o
      2910          0          0          0          0      20315   stm32f4xx_hal_uart.o
       230          0          0          0          0       2022   stm32f4xx_it.o
        18          0         24          4          0       2508   system_stm32f4xx.o
      4224          0          5          0       1280      24076   tasks.o
       454          0          0          0        144       7280   tim.o
       138          0          0          0          2       3772   tim_irqhandler.o
      1692         10         13          0        300      11570   timers.o
       202          0          0          0          6       3728   uart_irqhandler.o
         0          0          0          0        528       7262   usart.o
      3228        166          1          0       1032      11993   zdrive.o

    ----------------------------------------------------------------------
     45180        330        664         16      25776     352264   Object Totals
         0          0         32          0          0          0   (incl. Generated)
       338          0          3          3         13          0   (incl. Padding)

    ----------------------------------------------------------------------

      Code (inc. data)   RO Data    RW Data    ZI Data      Debug   Library Member Name

         8          0          0          0          0         68   __main.o
         0          0          0          0          0          0   __rtentry.o
        12          0          0          0          0          0   __rtentry2.o
         6          0          0          0          0          0   __rtentry4.o
        52          8          0          0          0          0   __scatter.o
        26          0          0          0          0          0   __scatter_copy.o
        28          0          0          0          0          0   __scatter_zi.o
        16          0          0          0          0         68   aeabi_memset4.o
        18          0          0          0          0         80   exit.o
         6          0          0          0          0        152   heapauxi.o
         0          0          0          0          0          0   indicate_semi.o
         2          0          0          0          0          0   libinit.o
         6          0          0          0          0          0   libinit2.o
         2          0          0          0          0          0   libshutdown.o
         2          0          0          0          0          0   libshutdown2.o
         8          4          0          0         96         68   libspace.o
       240          0          0          0          0        100   lludivv7m.o
        78          0          0          0          0         80   rt_memclr_w.o
       138          0          0          0          0         68   rt_memcpy_v6.o
       100          0          0          0          0         80   rt_memcpy_w.o
         2          0          0          0          0          0   rtexit.o
        10          0          0          0          0          0   rtexit2.o
        12          4          0          0          0         68   sys_exit.o
        74          0          0          0          0         80   sys_stackheap_outer.o
         2          0          0          0          0         68   use_no_semi.o
        84          0          0          0          0        244   dcmp.o
        24          0          0          0          0        116   dcmpi.o
       120          4          0          0          0        140   deqf.o
       120          4          0          0          0        140   dgeqf.o
       120          4          0          0          0        140   dleqf.o
       156          4          0          0          0        140   dnaninf.o
        12          0          0          0          0        116   dretinf.o
        86          4          0          0          0        132   f2d.o
       140          4          0          0          0        132   fnaninf.o
        26          0          0          0          0        116   fpinit.o
         0          0          0          0          0          0   usenofp.o

    ----------------------------------------------------------------------
      1744         40          0          0         96       2396   Library Totals
         8          0          0          0          0          0   (incl. Padding)

    ----------------------------------------------------------------------

      Code (inc. data)   RO Data    RW Data    ZI Data      Debug   Library Name

       848         16          0          0         96        980   c_w.l
       888         24          0          0          0       1416   fz_wm.l

    ----------------------------------------------------------------------
      1744         40          0          0         96       2396   Library Totals

    ----------------------------------------------------------------------

==============================================================================


      Code (inc. data)   RO Data    RW Data    ZI Data      Debug   

     46924        370        664         16      25872     352504   Grand Totals
     46924        370        664         16      25872     352504   ELF Image Totals
     46924        370        664         16          0          0   ROM Totals

==============================================================================

    Total RO  Size (Code + RO Data)                47588 (  46.47kB)
    Total RW  Size (RW Data + ZI Data)             25888 (  25.28kB)
    Total ROM Size (Code + RO Data + RW Data)      47604 (  46.49kB)

==============================================================================

